
Allocating common symbols
Common symbol       size              file

netbufpool          0x4               binaries/net.o
readylist           0x2               binaries/ready.o
rfltab              0x5a0             binaries/rflinit.o
sleepq              0x2               binaries/clkinit.o
nnames              0x4               binaries/naminit.o
udptab              0x168             binaries/udp.o
minheap             0x4               binaries/meminit.o
marks               0x50              binaries/mark.o
currpid             0x4               binaries/initialize.o
Lf_data             0x20c             binaries/lfsinit.o
porttab             0x2d0             binaries/ptinit.o
girmask             0x2               binaries/evec.o
ttytab              0x10c             binaries/ttyinit.o
proctab             0x15e0            binaries/initialize.o
prcount             0x4               binaries/initialize.o
lfltab              0xf00             binaries/lflinit.o
rdstab              0x8c              binaries/rdsinit.o
ethertab            0x138             binaries/ethinit.o
NetData             0xa8              binaries/net.o
nmarks              0x4               binaries/mark.o
Defer               0x8               binaries/resched.o
semtab              0x4b0             binaries/initialize.o
maxheap             0x4               binaries/meminit.o
preempt             0x4               binaries/clkinit.o
buftab              0xf0              binaries/bufinit.o
Rf_data             0x18              binaries/rfsinit.o
mkmutex             0x4               binaries/mark.o
clktime             0x4               binaries/clkinit.o
arpcache            0x140             binaries/arp.o
icmptab             0x230             binaries/icmp.o
nbpools             0x4               binaries/bufinit.o
queuetab            0x980             binaries/queue.o
ptnextid            0x4               binaries/ptinit.o
Ram                 0x19000           binaries/raminit.o
ipoqueue            0x2c              binaries/ip.o
memlist             0x8               binaries/initialize.o
nametab             0x19a0            binaries/naminit.o
ptfree              0x4               binaries/ptinit.o

Memory Configuration

Name             Origin             Length             Attributes
*default*        0x0000000000000000 0xffffffffffffffff

Linker script and memory map

                0x0000000000100000                physbase = 0x100000
                0x0000000000100000                . = physbase
                0x0000000000100000                . = ALIGN (0x1000)

.text           0x0000000000100000    0x14000
                0x0000000000100000                text = ABSOLUTE (.)
 *(.text .text.*)
 .text          0x0000000000100000      0x1a7 binaries/start.o
                0x0000000000100028                start
                0x00000000001000f5                inb
                0x00000000001000fd                inw
                0x0000000000100106                inl
                0x000000000010010e                outb
                0x0000000000100118                outw
                0x0000000000100123                outl
                0x000000000010012d                _rtcin
                0x0000000000100138                ___udivsi3
                0x0000000000100143                ___divsi3
                0x000000000010014f                sbzero
                0x000000000010015f                bcopy
                0x0000000000100173                insw
                0x0000000000100189                outsw
                0x000000000010019f                lidt
 .text          0x00000000001001a7      0x2d8 binaries/ascdate.o
                0x00000000001001a7                ascdate
 .text          0x000000000010047f       0x10 binaries/bufinit.o
                0x000000000010047f                bufinit
 .text          0x000000000010048f       0x6c binaries/chprio.o
                0x000000000010048f                chprio
 .text          0x00000000001004fb       0x73 binaries/clkhandler.o
                0x00000000001004fb                clkhandler
 .text          0x000000000010056e       0x59 binaries/clkinit.o
                0x000000000010056e                clkinit
 .text          0x00000000001005c7       0x56 binaries/close.o
                0x00000000001005c7                close
 .text          0x000000000010061d        0x0 binaries/conf.o
 .text          0x000000000010061d       0x5f binaries/control.o
                0x000000000010061d                control
 .text          0x000000000010067c      0x269 binaries/create.o
                0x000000000010067c                create
 .text          0x00000000001008e5      0x205 binaries/early_imr.o
                0x00000000001008e5                intel_cln_early_sb_read_reg
                0x000000000010093d                intel_cln_early_sb_write_reg
                0x00000000001009ec                remove_irm_protections
 .text          0x0000000000100aea      0x2e6 binaries/evec.o
                0x0000000000100aea                setirmask
                0x0000000000100b1e                set_evec
                0x0000000000100b7a                initevec
                0x0000000000100c49                trap
 .text          0x0000000000100dd0       0x20 binaries/forever0.o
                0x0000000000100dd0                forever0
 .text          0x0000000000100df0       0x78 binaries/freebuf.o
                0x0000000000100df0                freebuf
 .text          0x0000000000100e68      0x106 binaries/freemem.o
                0x0000000000100e68                freemem
 .text          0x0000000000100f6e       0x65 binaries/getbuf.o
                0x0000000000100f6e                getbuf
 .text          0x0000000000100fd3       0x56 binaries/getc.o
                0x0000000000100fd3                getc
 .text          0x0000000000101029       0x63 binaries/getdev.o
                0x0000000000101029                getdev
 .text          0x000000000010108c       0x77 binaries/getitem.o
                0x000000000010108c                getitem
                0x00000000001010b8                getfirst
                0x00000000001010db                getlast
 .text          0x0000000000101103       0xc2 binaries/getmem.o
                0x0000000000101103                getmem
 .text          0x00000000001011c5        0x6 binaries/getpid.o
                0x00000000001011c5                getpid
 .text          0x00000000001011cb       0x64 binaries/getprio.o
                0x00000000001011cb                getprio
 .text          0x000000000010122f       0xa6 binaries/getstk.o
                0x000000000010122f                getstk
 .text          0x00000000001012d5       0x34 binaries/gettime.o
                0x00000000001012d5                gettime
 .text          0x0000000000101309      0x19d binaries/getutime.o
                0x0000000000101309                getutime
 .text          0x00000000001014a6       0x56 binaries/init.o
                0x00000000001014a6                init
 .text          0x00000000001014fc      0x237 binaries/initialize.o
                0x00000000001014fc                nulluser
                0x00000000001016ee                stop
                0x0000000000101710                delay
 .text          0x0000000000101733       0xa0 binaries/insert.o
                0x0000000000101733                insert
 .text          0x00000000001017d3       0xe9 binaries/insertd.o
                0x00000000001017d3                insertd
 .text          0x00000000001018bc        0x6 binaries/ioerr.o
                0x00000000001018bc                ioerr
 .text          0x00000000001018c2        0x6 binaries/ionull.o
                0x00000000001018c2                ionull
 .text          0x00000000001018c8      0x194 binaries/kill.o
                0x00000000001018c8                kill
 .text          0x0000000000101a5c       0xa5 binaries/kprintf.o
                0x0000000000101a5c                kputc
                0x0000000000101a8b                console_init
                0x0000000000101abd                kgetc
                0x0000000000101adf                kprintf
 .text          0x0000000000101b01      0x17f binaries/main.o
                0x0000000000101b01                main
 .text          0x0000000000101c80       0x93 binaries/mark.o
                0x0000000000101c80                markinit
                0x0000000000101c9d                mark
 .text          0x0000000000101d13      0x1f1 binaries/meminit.o
                0x0000000000101d13                meminit
                0x0000000000101e98                setsegs
 .text          0x0000000000101f04      0x12a binaries/mkbufpool.o
                0x0000000000101f04                mkbufpool
 .text          0x000000000010202e       0x5e binaries/newqueue.o
                0x000000000010202e                newqueue
 .text          0x000000000010208c       0x5e binaries/open.o
                0x000000000010208c                open
 .text          0x00000000001020ea       0x1e binaries/panic.o
                0x00000000001020ea                panic
 .text          0x0000000000102108      0x27c binaries/pci.o
                0x0000000000102108                pci_init
                0x000000000010210e                find_pci_device
                0x00000000001021cc                pci_read_config_byte
                0x0000000000102209                pci_read_config_word
                0x0000000000102248                pci_read_config_dword
                0x0000000000102285                pci_write_config_byte
                0x00000000001022c0                pci_write_config_word
                0x00000000001022fc                pci_write_config_dword
                0x0000000000102337                pci_get_dev_mmio_base_addr
 .text          0x0000000000102384       0x4f binaries/platinit.o
                0x0000000000102384                platinit
 .text          0x00000000001023d3       0xa3 binaries/ptclear.o
                0x00000000001023d3                _ptclear
 .text          0x0000000000102476       0x7c binaries/ptcount.o
                0x0000000000102476                ptcount
 .text          0x00000000001024f2      0x101 binaries/ptcreate.o
                0x00000000001024f2                ptcreate
 .text          0x00000000001025f3       0x64 binaries/ptdelete.o
                0x00000000001025f3                ptdelete
 .text          0x0000000000102657       0x8e binaries/ptinit.o
                0x0000000000102657                ptinit
 .text          0x00000000001026e5       0xec binaries/ptrecv.o
                0x00000000001026e5                ptrecv
 .text          0x00000000001027d1       0x67 binaries/ptreset.o
                0x00000000001027d1                ptreset
 .text          0x0000000000102838      0x10d binaries/ptsend.o
                0x0000000000102838                ptsend
 .text          0x0000000000102945       0x5c binaries/putc.o
                0x0000000000102945                putc
 .text          0x00000000001029a1       0xb6 binaries/quark_irq.o
                0x00000000001029a1                quark_irq_routing
 .text          0x0000000000102a57      0x19d binaries/quark_pdat.o
                0x0000000000102a57                get_quark_pdat_entry_data_by_id
                0x0000000000102b24                get_quark_pdat_entry_data_by_desc
 .text          0x0000000000102bf4       0xb7 binaries/queue.o
                0x0000000000102bf4                enqueue
                0x0000000000102c60                dequeue
 .text          0x0000000000102cab       0x5e binaries/read.o
                0x0000000000102cab                read
 .text          0x0000000000102d09       0x6c binaries/ready.o
                0x0000000000102d09                ready
 .text          0x0000000000102d75       0x67 binaries/receive.o
                0x0000000000102d75                receive
 .text          0x0000000000102ddc       0x54 binaries/recvclr.o
                0x0000000000102ddc                recvclr
 .text          0x0000000000102e30       0xc2 binaries/recvtime.o
                0x0000000000102e30                recvtime
 .text          0x0000000000102ef2      0x150 binaries/resched.o
                0x0000000000102ef2                resched
                0x0000000000102fcf                resched_cntl
 .text          0x0000000000103042       0x87 binaries/resume.o
                0x0000000000103042                resume
 .text          0x00000000001030c9       0x5a binaries/seek.o
                0x00000000001030c9                seek
 .text          0x0000000000103123       0x4f binaries/semcount.o
                0x0000000000103123                semcount
 .text          0x0000000000103172       0x8a binaries/semcreate.o
                0x0000000000103172                semcreate
 .text          0x00000000001031fc       0xc8 binaries/semdelete.o
                0x00000000001031fc                semdelete
 .text          0x00000000001032c4       0xa7 binaries/semreset.o
                0x00000000001032c4                semreset
 .text          0x000000000010336b       0xd2 binaries/send.o
                0x000000000010336b                send
 .text          0x000000000010343d       0x95 binaries/signal.o
                0x000000000010343d                signal
 .text          0x00000000001034d2       0xba binaries/signaln.o
                0x00000000001034d2                signaln
 .text          0x000000000010358c       0xc9 binaries/sleep.o
                0x000000000010358c                sleepms
                0x000000000010361f                sleep
 .text          0x0000000000103655      0x1aa binaries/stacktrace.o
                0x0000000000103655                stacktrace
 .text          0x00000000001037ff       0xd3 binaries/suspend.o
                0x00000000001037ff                suspend
 .text          0x00000000001038d2       0x9a binaries/unsleep.o
                0x00000000001038d2                unsleep
 .text          0x000000000010396c       0x15 binaries/userret.o
                0x000000000010396c                userret
 .text          0x0000000000103981       0xb9 binaries/wait.o
                0x0000000000103981                wait
 .text          0x0000000000103a3a       0x6d binaries/wakeup.o
                0x0000000000103a3a                wakeup
 .text          0x0000000000103aa7       0x5e binaries/write.o
                0x0000000000103aa7                write
 .text          0x0000000000103b05       0x16 binaries/xdone.o
                0x0000000000103b05                xdone
 .text          0x0000000000103b1b       0x23 binaries/yield.o
                0x0000000000103b1b                yield
 .text          0x0000000000103b3e        0xe binaries/abs.o
                0x0000000000103b3e                abs
 .text          0x0000000000103b4c       0x81 binaries/atoi.o
                0x0000000000103b4c                atoi
 .text          0x0000000000103bcd       0x81 binaries/atol.o
                0x0000000000103bcd                atol
 .text          0x0000000000103c4e       0x18 binaries/bzero.o
                0x0000000000103c4e                bzero
 .text          0x0000000000103c66        0x0 binaries/ctype_.o
 .text          0x0000000000103c66      0x6e4 binaries/doprnt.o
                0x0000000000103dba                _doprnt
 .text          0x000000000010434a      0x69b binaries/doscan.o
                0x000000000010434a                _doscan
 .text          0x00000000001049e5      0x723 binaries/fdoprnt.o
                0x0000000000104a69                _fdoprnt
 .text          0x0000000000105108       0x1c binaries/fgetc.o
                0x0000000000105108                fgetc
 .text          0x0000000000105124       0x62 binaries/fgets.o
                0x0000000000105124                fgets
 .text          0x0000000000105186       0x23 binaries/fprintf.o
                0x0000000000105186                fprintf
 .text          0x00000000001051a9       0x29 binaries/fputc.o
                0x00000000001051a9                fputc
 .text          0x00000000001051d2       0x3b binaries/fputs.o
                0x00000000001051d2                fputs
 .text          0x000000000010520d       0x6a binaries/fscanf.o
                0x0000000000105247                fscanf
 .text          0x0000000000105277       0x25 binaries/getchar.o
                0x0000000000105277                getchar
 .text          0x000000000010529c        0xe binaries/labs.o
                0x000000000010529c                labs
 .text          0x00000000001052aa       0x32 binaries/memchr.o
                0x00000000001052aa                memchr
 .text          0x00000000001052dc       0x49 binaries/memcmp.o
                0x00000000001052dc                memcmp
 .text          0x0000000000105325       0x25 binaries/memcpy.o
                0x0000000000105325                memcpy
 .text          0x000000000010534a       0x1e binaries/memset.o
                0x000000000010534a                memset
 .text          0x0000000000105368       0x38 binaries/printf.o
                0x0000000000105368                printf
 .text          0x00000000001053a0       0x29 binaries/putchar.o
                0x00000000001053a0                putchar
 .text          0x00000000001053c9      0x1c8 binaries/qsort.o
                0x0000000000105566                qsort
 .text          0x0000000000105591       0x45 binaries/rand.o
                0x0000000000105591                srand
                0x000000000010559b                rand
 .text          0x00000000001055d6       0x49 binaries/sprintf.o
                0x00000000001055ed                sprintf
 .text          0x000000000010561f       0x57 binaries/sscanf.o
                0x0000000000105648                sscanf
 .text          0x0000000000105676       0x2d binaries/strchr.o
                0x0000000000105676                strchr
 .text          0x00000000001056a3       0x43 binaries/strcmp.o
                0x00000000001056a3                strcmp
 .text          0x00000000001056e6       0x1a binaries/strcpy.o
                0x00000000001056e6                strcpy
 .text          0x0000000000105700       0x1c binaries/strlen.o
                0x0000000000105700                strlen
 .text          0x000000000010571c       0x3c binaries/strncat.o
                0x000000000010571c                strncat
 .text          0x0000000000105758       0x3a binaries/strncmp.o
                0x0000000000105758                strncmp
 .text          0x0000000000105792       0x58 binaries/strncpy.o
                0x0000000000105792                strncpy
 .text          0x00000000001057ea       0x36 binaries/strnlen.o
                0x00000000001057ea                strnlen
 .text          0x0000000000105820       0x30 binaries/strrchr.o
                0x0000000000105820                strrchr
 .text          0x0000000000105850       0x66 binaries/strstr.o
                0x0000000000105850                strstr
 .text          0x00000000001058b6      0x10a binaries/ttycontrol.o
                0x00000000001058b6                ttycontrol
 .text          0x00000000001059c0       0xaa binaries/ttygetc.o
                0x00000000001059c0                ttygetc
 .text          0x0000000000105a6a      0x477 binaries/ttyhandle_in.o
                0x0000000000105b20                ttyhandle_in
 .text          0x0000000000105ee1      0x16e binaries/ttyhandle_out.o
                0x0000000000105ee1                ttyhandle_out
 .text          0x000000000010604f       0x84 binaries/ttyhandler.o
                0x000000000010604f                ttyhandler
 .text          0x00000000001060d3      0x157 binaries/ttyinit.o
                0x00000000001060d3                ttyinit
 .text          0x000000000010622a        0xc binaries/ttykickout.o
                0x000000000010622a                ttykickout
 .text          0x0000000000106236       0xac binaries/ttyputc.o
                0x0000000000106236                ttyputc
 .text          0x00000000001062e2       0xf3 binaries/ttyread.o
                0x00000000001062e2                ttyread
 .text          0x00000000001063d5       0x46 binaries/ttywrite.o
                0x00000000001063d5                ttywrite
 .text          0x000000000010641b      0x125 binaries/mount.o
                0x000000000010641b                namlen
                0x0000000000106453                mount
 .text          0x0000000000106540      0x196 binaries/naminit.o
                0x0000000000106540                naminit
 .text          0x00000000001066d6      0x1ff binaries/nammap.o
                0x00000000001066d6                namrepl
                0x00000000001067f7                namcpy
                0x0000000000106844                nammap
 .text          0x00000000001068d5       0x4e binaries/namopen.o
                0x00000000001068d5                namopen
 .text          0x0000000000106923       0xce binaries/colon2mac.o
                0x0000000000106923                colon2mac
 .text          0x00000000001069f1       0x81 binaries/ethcontrol.o
                0x00000000001069f1                ethcontrol
 .text          0x0000000000106a72      0x172 binaries/ethhandler.o
                0x0000000000106a72                ethhandler
 .text          0x0000000000106be4      0x52e binaries/ethinit.o
                0x0000000000106be4                eth_phy_read
                0x0000000000106c21                eth_phy_write
                0x0000000000106c61                eth_phy_reset
                0x0000000000106d3b                ethinit
 .text          0x0000000000107112       0xff binaries/ethmcast.o
                0x0000000000107112                ethmcast_add
                0x000000000010715f                ethmcast_remove
 .text          0x0000000000107211      0x174 binaries/ethread.o
                0x0000000000107211                ethread
 .text          0x0000000000107385       0xbd binaries/ethwrite.o
                0x0000000000107385                ethwrite
 .text          0x0000000000107442       0x66 binaries/rdsbufalloc.o
                0x0000000000107442                rdsbufalloc
 .text          0x00000000001074a8       0xcd binaries/rdsclose.o
                0x00000000001074a8                rdsclose
 .text          0x0000000000107575      0x1e7 binaries/rdscomm.o
                0x0000000000107575                rdscomm
 .text          0x000000000010775c      0x1c2 binaries/rdscontrol.o
                0x000000000010775c                rdscontrol
 .text          0x000000000010791e      0x1e3 binaries/rdsinit.o
                0x000000000010791e                rdsinit
 .text          0x0000000000107b01      0x1a1 binaries/rdsopen.o
                0x0000000000107b01                rdsopen
 .text          0x0000000000107ca2      0x2b9 binaries/rdsprocess.o
                0x0000000000107ca2                rdsprocess
 .text          0x0000000000107f5b      0x1e2 binaries/rdsread.o
                0x0000000000107f5b                rdsread
 .text          0x000000000010813d      0x1ac binaries/rdswrite.o
                0x000000000010813d                rdswrite
 .text          0x00000000001082e9        0x6 binaries/ramclose.o
                0x00000000001082e9                ramclose
 .text          0x00000000001082ef       0x34 binaries/raminit.o
                0x00000000001082ef                raminit
 .text          0x0000000000108323        0x7 binaries/ramopen.o
                0x0000000000108323                ramopen
 .text          0x000000000010832a       0x27 binaries/ramread.o
                0x000000000010832a                ramread
 .text          0x0000000000108351       0x27 binaries/ramwrite.o
                0x0000000000108351                ramwrite
 .text          0x0000000000108378       0x87 binaries/lfdballoc.o
                0x0000000000108378                lfdballoc
 .text          0x00000000001083ff       0x4d binaries/lfdbfree.o
                0x00000000001083ff                lfdbfree
 .text          0x000000000010844c       0x9f binaries/lfflush.o
                0x000000000010844c                lfflush
 .text          0x00000000001084eb       0x7a binaries/lfgetmode.o
                0x00000000001084eb                lfgetmode
 .text          0x0000000000108565       0x5f binaries/lfiballoc.o
                0x0000000000108565                lfiballoc
 .text          0x00000000001085c4       0x25 binaries/lfibclear.o
                0x00000000001085c4                lfibclear
 .text          0x00000000001085e9       0x74 binaries/lfibget.o
                0x00000000001085e9                lfibget
 .text          0x000000000010865d       0x91 binaries/lfibput.o
                0x000000000010865d                lfibput
 .text          0x00000000001086ee       0xa1 binaries/lflclose.o
                0x00000000001086ee                lflclose
 .text          0x000000000010878f       0xbe binaries/lflcontrol.o
                0x000000000010878f                lflcontrol
 .text          0x000000000010884d       0xf7 binaries/lflgetc.o
                0x000000000010884d                lflgetc
 .text          0x0000000000108944       0xe4 binaries/lflinit.o
                0x0000000000108944                lflinit
 .text          0x0000000000108a28      0x12d binaries/lflputc.o
                0x0000000000108a28                lflputc
 .text          0x0000000000108b55       0x6a binaries/lflread.o
                0x0000000000108b55                lflread
 .text          0x0000000000108bbf       0xb8 binaries/lflseek.o
                0x0000000000108bbf                lflseek
 .text          0x0000000000108c77       0x4e binaries/lflwrite.o
                0x0000000000108c77                lflwrite
 .text          0x0000000000108cc5      0x11a binaries/lfsckfmt.o
                0x0000000000108cc5                lfsckfmt
 .text          0x0000000000108ddf      0x1bd binaries/lfscreate.o
                0x0000000000108ddf                lfscreate
 .text          0x0000000000108f9c      0x1a4 binaries/lfsetup.o
                0x0000000000108f9c                lfsetup
 .text          0x0000000000109140       0x44 binaries/lfsinit.o
                0x0000000000109140                lfsinit
 .text          0x0000000000109184      0x303 binaries/lfsopen.o
                0x0000000000109184                lfsopen
 .text          0x0000000000109487      0x11d binaries/lftruncate.o
                0x0000000000109487                lftruncate
 .text          0x00000000001095a4       0x69 binaries/rflclose.o
                0x00000000001095a4                rflclose
 .text          0x000000000010960d       0x2b binaries/rflgetc.o
                0x000000000010960d                rflgetc
 .text          0x0000000000109638       0x69 binaries/rflinit.o
                0x0000000000109638                rflinit
 .text          0x00000000001096a1       0x2c binaries/rflputc.o
                0x00000000001096a1                rflputc
 .text          0x00000000001096cd      0x2c8 binaries/rflread.o
                0x00000000001096cd                rflread
 .text          0x0000000000109995       0x69 binaries/rflseek.o
                0x0000000000109995                rflseek
 .text          0x00000000001099fe      0x2ec binaries/rflwrite.o
                0x00000000001099fe                rflwrite
 .text          0x0000000000109cea      0x17d binaries/rfscomm.o
                0x0000000000109cea                rfscomm
 .text          0x0000000000109e67      0x246 binaries/rfscontrol.o
                0x0000000000109e67                rfscontrol
 .text          0x000000000010a0ad       0x7a binaries/rfsgetmode.o
                0x000000000010a0ad                rfsgetmode
 .text          0x000000000010a127       0x7d binaries/rfsinit.o
                0x000000000010a127                rfsinit
 .text          0x000000000010a1a4       0xb7 binaries/rfsndmsg.o
                0x000000000010a1a4                rfsndmsg
 .text          0x000000000010a25b      0x24f binaries/rfsopen.o
                0x000000000010a25b                rfsopen
 .text          0x000000000010a4aa      0x619 binaries/arp.o
                0x000000000010a4aa                arp_init
                0x000000000010a4c2                arp_alloc
                0x000000000010a566                arp_ntoh
                0x000000000010a5d0                arp_hton
                0x000000000010a63a                arp_resolve
                0x000000000010a88c                arp_in
 .text          0x000000000010aac3      0x5a3 binaries/dhcp.o
                0x000000000010aac3                dhcp_get_opt_val
                0x000000000010ab16                dhcp_bld_bootp_msg
                0x000000000010abe4                dhcp_bld_disc
                0x000000000010ac34                dhcp_bld_req
                0x000000000010acce                getlocalip
 .text          0x000000000010b066       0xcc binaries/dot2ip.o
                0x000000000010b066                dot2ip
 .text          0x000000000010b132      0x378 binaries/hexdump.o
                0x000000000010b132                hexdump
                0x000000000010b281                hexadump
 .text          0x000000000010b4aa      0x6e6 binaries/icmp.o
                0x000000000010b4aa                icmp_init
                0x000000000010b4c2                icmp_register
                0x000000000010b580                icmp_recv
                0x000000000010b723                icmp_mkpkt
                0x000000000010b7f4                icmp_in
                0x000000000010b988                icmp_send
                0x000000000010b9f7                icmp_release
                0x000000000010bb0f                icmp_cksum
                0x000000000010bb68                icmp_hton
                0x000000000010bb7c                icmp_ntoh
 .text          0x000000000010bb90      0x5d0 binaries/ip.o
                0x000000000010bb90                ip_local
                0x000000000010bbd0                ipcksum
                0x000000000010bc23                ip_ntoh
                0x000000000010bc8d                ip_in
                0x000000000010bdb0                ip_hton
                0x000000000010be1a                ip_out
                0x000000000010becd                ip_send
                0x000000000010bfd8                ipout
                0x000000000010c0c8                ip_enqueue
 .text          0x000000000010c160      0x1a8 binaries/net.o
                0x000000000010c160                net_init
                0x000000000010c256                eth_hton
                0x000000000010c260                eth_ntoh
                0x000000000010c26a                netin
 .text          0x000000000010c308       0xb3 binaries/netstart.o
                0x000000000010c308                netstart
 .text          0x000000000010c3bb      0xa2d binaries/pdump.o
                0x000000000010c3bb                pdump
                0x000000000010c99f                pdumph
 .text          0x000000000010cde8      0x5bc binaries/tftp.o
                0x000000000010cde8                tftp_send1
                0x000000000010cf04                tftpget_mb
                0x000000000010d37d                tftpget
 .text          0x000000000010d3a4      0xa03 binaries/udp.o
                0x000000000010d3a4                udp_init
                0x000000000010d3e1                udp_in
                0x000000000010d500                udp_register
                0x000000000010d61d                udp_recv
                0x000000000010d7a8                udp_recvaddr
                0x000000000010d947                udp_send
                0x000000000010db02                udp_sendto
                0x000000000010dc75                udp_release
                0x000000000010dd7f                udp_ntoh
                0x000000000010dd93                udp_hton
 .text          0x000000000010dda7      0x12c binaries/addargs.o
                0x000000000010dda7                addargs
 .text          0x000000000010ded3      0x1e2 binaries/lexan.o
                0x000000000010ded3                lexan
 .text          0x000000000010e0b5      0x5bf binaries/shell.o
                0x000000000010e0b5                shell
 .text          0x000000000010e674       0x57 binaries/xsh_argecho.o
                0x000000000010e674                xsh_argecho
 .text          0x000000000010e6cb      0x1ff binaries/xsh_arp.o
                0x000000000010e6cb                xsh_arp
 .text          0x000000000010e8ca      0x211 binaries/xsh_cat.o
                0x000000000010e8ca                xsh_cat
 .text          0x000000000010eadb       0x59 binaries/xsh_clear.o
                0x000000000010eadb                xsh_clear
 .text          0x000000000010eb34      0x2b5 binaries/xsh_date.o
                0x000000000010eb34                xsh_date
 .text          0x000000000010ede9       0x89 binaries/xsh_devdump.o
                0x000000000010ede9                xsh_devdump
 .text          0x000000000010ee72       0x5e binaries/xsh_echo.o
                0x000000000010ee72                xsh_echo
 .text          0x000000000010eed0        0x6 binaries/xsh_exit.o
                0x000000000010eed0                xsh_exit
 .text          0x000000000010eed6      0x336 binaries/xsh_help.o
                0x000000000010eed6                xsh_help
 .text          0x000000000010f20c      0x391 binaries/xsh_ipaddr.o
                0x000000000010f20c                xsh_ipaddr
 .text          0x000000000010f59d      0x1df binaries/xsh_kill.o
                0x000000000010f59d                xsh_kill
 .text          0x000000000010f77c      0x3f2 binaries/xsh_memdump.o
                0x000000000010f83e                xsh_memdump
 .text          0x000000000010fb6e      0x1d7 binaries/xsh_memstat.o
                0x000000000010fb6e                xsh_memstat
 .text          0x000000000010fd45       0x34 binaries/xsh_pcount.o
                0x000000000010fd45                xsh_pcount
 .text          0x000000000010fd79      0x2cb binaries/xsh_ping.o
                0x000000000010fd79                xsh_ping
 .text          0x0000000000110044      0x1ac binaries/xsh_ps.o
                0x0000000000110044                xsh_ps
 .text          0x00000000001101f0      0x1cc binaries/xsh_sleep.o
                0x00000000001101f0                xsh_sleep
 .text          0x00000000001103bc      0x1d7 binaries/xsh_udpdump.o
                0x00000000001103bc                xsh_udpdump
 .text          0x0000000000110593      0x406 binaries/xsh_udpecho.o
                0x0000000000110593                xsh_udpecho
 .text          0x0000000000110999      0x243 binaries/xsh_udpeserver.o
                0x0000000000110999                xsh_udpeserver
 .text          0x0000000000110bdc      0x1c0 binaries/xsh_uptime.o
                0x0000000000110bdc                xsh_uptime
 .text          0x0000000000110d9c        0xe binaries/clkdisp.o
                0x0000000000110d9c                clkdisp
 .text          0x0000000000110daa       0x19 binaries/ctxsw.o
                0x0000000000110daa                ctxsw
 .text          0x0000000000110dc3      0x36b binaries/intr.o
                0x0000000000110dc3                disable
                0x0000000000110dcc                restore
                0x0000000000110dda                enable
                0x0000000000110ddc                pause
                0x0000000000110de3                halt
                0x0000000000110de9                spurious_irq7
                0x0000000000110dee                spurious_irq15
                0x0000000000110dfd                _Xint0
                0x0000000000110e08                _Xint1
                0x0000000000110e13                _Xint2
                0x0000000000110e1e                _Xint3
                0x0000000000110e29                _Xint4
                0x0000000000110e34                _Xint5
                0x0000000000110e3f                _Xint6
                0x0000000000110e4a                _Xint7
                0x0000000000110e55                _Xint8
                0x0000000000110e60                _Xint9
                0x0000000000110e6b                _Xint10
                0x0000000000110e76                _Xint11
                0x0000000000110e84                _Xint12
                0x0000000000110e92                _Xint13
                0x0000000000110ea0                _Xint14
                0x0000000000110eae                _Xint15
                0x0000000000110ebc                _Xint16
                0x0000000000110eca                _Xint17
                0x0000000000110ed8                _Xint18
                0x0000000000110ee6                _Xint19
                0x0000000000110ef4                _Xint20
                0x0000000000110f02                _Xint21
                0x0000000000110f10                _Xint22
                0x0000000000110f1e                _Xint23
                0x0000000000110f2c                _Xint24
                0x0000000000110f3a                _Xint25
                0x0000000000110f48                _Xint26
                0x0000000000110f56                _Xint27
                0x0000000000110f64                _Xint28
                0x0000000000110f72                _Xint29
                0x0000000000110f80                _Xint30
                0x0000000000110f8e                _Xint31
                0x0000000000110f9c                _Xint32
                0x0000000000110faa                _Xint33
                0x0000000000110fb8                _Xint34
                0x0000000000110fc6                _Xint35
                0x0000000000110fd4                _Xint36
                0x0000000000110fe2                _Xint37
                0x0000000000110ff0                _Xint38
                0x0000000000110ffe                _Xint39
                0x000000000011100c                _Xint40
                0x000000000011101a                _Xint41
                0x0000000000111028                _Xint42
                0x0000000000111036                _Xint43
                0x0000000000111044                _Xint44
                0x0000000000111052                _Xint45
                0x0000000000111060                _Xint46
                0x000000000011106e                defevec
 .text          0x000000000011112e        0xf binaries/ttydispatch.o
                0x000000000011112e                ttydispatch
 .text          0x000000000011113d       0x13 binaries/ethdispatch.o
                0x000000000011113d                ethdispatch
 *(.rodata .rodata.*)
 .rodata.str1.1
                0x0000000000111150       0x54 binaries/ascdate.o
 .rodata.str1.4
                0x00000000001111a4       0x22 binaries/ascdate.o
 .rodata.str1.1
                0x00000000001111c6       0x5f binaries/conf.o
 *fill*         0x0000000000111225        0x3 
 .rodata.str1.4
                0x0000000000111228       0x4f binaries/early_imr.o
 *fill*         0x0000000000111277        0x1 
 .rodata        0x0000000000111278       0x33 binaries/early_imr.o
 .rodata.str1.1
                0x00000000001112ab      0x20c binaries/evec.o
 *fill*         0x00000000001114b7        0x1 
 .rodata.str1.4
                0x00000000001114b8       0x23 binaries/evec.o
 .rodata.str1.1
                0x00000000001114db        0xb binaries/getutime.o
 *fill*         0x00000000001114e6        0x2 
 .rodata.str1.4
                0x00000000001114e8       0x54 binaries/getutime.o
 .rodata.str1.1
                0x000000000011153c       0x63 binaries/initialize.o
                                         0x67 (size before relaxing)
 *fill*         0x000000000011159f        0x1 
 .rodata.str1.4
                0x00000000001115a0       0xd4 binaries/initialize.o
 .rodata        0x0000000000111674       0x20 binaries/kill.o
 .rodata.str1.1
                0x0000000000111694       0x4e binaries/main.o
 *fill*         0x00000000001116e2        0x2 
 .rodata.str1.4
                0x00000000001116e4      0x226 binaries/main.o
 *fill*         0x000000000011190a        0x2 
 .rodata.str1.4
                0x000000000011190c       0x23 binaries/meminit.o
 .rodata.str1.1
                0x000000000011192f       0x1b binaries/meminit.o
 .rodata.str1.1
                0x000000000011194a        0xf binaries/panic.o
 .rodata.str1.1
                0x0000000000111959       0x1c binaries/ptinit.o
 *fill*         0x0000000000111975        0x3 
 .rodata.str1.4
                0x0000000000111978       0x25 binaries/ptsend.o
 .rodata.str1.1
                0x000000000011199d       0x22 binaries/quark_pdat.o
 *fill*         0x00000000001119bf        0x1 
 .rodata.str1.4
                0x00000000001119c0       0x63 binaries/stacktrace.o
 .rodata.str1.1
                0x0000000000111a23       0x52 binaries/stacktrace.o
 *fill*         0x0000000000111a75        0x3 
 .rodata.str1.4
                0x0000000000111a78       0x27 binaries/xdone.o
 *fill*         0x0000000000111a9f        0x1 
 .rodata        0x0000000000111aa0       0x81 binaries/ctype_.o
                0x0000000000111aa0                _ctype_
 .rodata.str1.1
                0x0000000000111b21       0x29 binaries/doprnt.o
 *fill*         0x0000000000111b4a        0x2 
 .rodata        0x0000000000111b4c       0xc4 binaries/doprnt.o
 .rodata        0x0000000000111c10       0x98 binaries/doscan.o
 .rodata.str1.1
                0x0000000000111ca8       0x29 binaries/fdoprnt.o
 .rodata        0x0000000000111ca8       0x84 binaries/fdoprnt.o
 .rodata        0x0000000000111d2c       0x20 binaries/ttycontrol.o
 .rodata.str1.4
                0x0000000000111d4c       0x4c binaries/naminit.o
 .rodata.str1.1
                0x0000000000111d98       0x32 binaries/naminit.o
                                         0x35 (size before relaxing)
 .rodata.str1.1
                0x0000000000111dca       0x15 binaries/ethinit.o
 *fill*         0x0000000000111ddf        0x1 
 .rodata.str1.4
                0x0000000000111de0       0x2e binaries/ethinit.o
 *fill*         0x0000000000111e0e        0x2 
 .rodata.str1.4
                0x0000000000111e10       0x2c binaries/rdsbufalloc.o
 .rodata.str1.4
                0x0000000000111e3c       0x76 binaries/rdscomm.o
 *fill*         0x0000000000111eb2        0x2 
 .rodata.str1.4
                0x0000000000111eb4       0x48 binaries/rdscontrol.o
 .rodata.str1.4
                0x0000000000111efc       0x7e binaries/rdsinit.o
 .rodata.str1.1
                0x0000000000111f7a       0x18 binaries/rdsinit.o
 *fill*         0x0000000000111f92        0x2 
 .rodata.str1.4
                0x0000000000111f94       0x22 binaries/rdsopen.o
 *fill*         0x0000000000111fb6        0x2 
 .rodata.str1.4
                0x0000000000111fb8       0x4d binaries/rdsprocess.o
 .rodata.str1.1
                0x0000000000112005        0x9 binaries/raminit.o
 .rodata.str1.1
                0x000000000011200e       0x13 binaries/lfdballoc.o
 *fill*         0x0000000000112021        0x3 
 .rodata.str1.4
                0x0000000000112024       0x23 binaries/lfdballoc.o
 .rodata.str1.1
                0x0000000000112047       0x14 binaries/lfiballoc.o
 *fill*         0x000000000011205b        0x1 
 .rodata.str1.4
                0x000000000011205c       0x23 binaries/lflcontrol.o
 .rodata.str1.1
                0x000000000011207f       0x64 binaries/lfsckfmt.o
 *fill*         0x00000000001120e3        0x1 
 .rodata.str1.4
                0x00000000001120e4       0x51 binaries/lfsckfmt.o
 *fill*         0x0000000000112135        0x3 
 .rodata.str1.4
                0x0000000000112138       0x21 binaries/rflread.o
 .rodata.str1.4
                0x0000000000112159       0x21 binaries/rflwrite.o
 *fill*         0x0000000000112159        0x3 
 .rodata.str1.4
                0x000000000011215c       0x75 binaries/rfscomm.o
 *fill*         0x00000000001121d1        0x3 
 .rodata.str1.4
                0x00000000001121d4       0x23 binaries/rfscontrol.o
 *fill*         0x00000000001121f7        0x1 
 .rodata        0x00000000001121f8       0x18 binaries/rfscontrol.o
 .rodata.str1.1
                0x0000000000112210       0x10 binaries/rfsinit.o
 .rodata.str1.4
                0x0000000000112210       0x57 binaries/rfsinit.o
 *fill*         0x0000000000112267        0x1 
 .rodata.str1.4
                0x0000000000112268       0x2a binaries/rfsndmsg.o
 .rodata.str1.4
                0x0000000000112292       0x22 binaries/rfsopen.o
 .rodata.str1.1
                0x0000000000112292       0x19 binaries/arp.o
 *fill*         0x00000000001122ab        0x1 
 .rodata.str1.4
                0x00000000001122ac       0x21 binaries/arp.o
 *fill*         0x00000000001122cd        0x3 
 .rodata.str1.4
                0x00000000001122d0       0xa6 binaries/dhcp.o
 .rodata.str1.1
                0x0000000000112376       0x4a binaries/dhcp.o
 .rodata.str1.1
                0x00000000001123c0       0x5a binaries/hexdump.o
                                         0x61 (size before relaxing)
 *fill*         0x000000000011241a        0x2 
 .rodata.str1.4
                0x000000000011241c       0x67 binaries/hexdump.o
 *fill*         0x0000000000112483        0x1 
 .rodata.str1.4
                0x0000000000112484       0x29 binaries/icmp.o
 .rodata.str1.1
                0x00000000001124ad       0x4e binaries/ip.o
 *fill*         0x00000000001124fb        0x1 
 .rodata.str1.4
                0x00000000001124fc       0x20 binaries/ip.o
 .rodata.str1.4
                0x000000000011251c       0x28 binaries/net.o
 .rodata.str1.1
                0x0000000000112544       0x27 binaries/net.o
 *fill*         0x000000000011256b        0x1 
 .rodata.str1.4
                0x000000000011256c       0xcf binaries/netstart.o
 .rodata.str1.1
                0x000000000011263b      0x141 binaries/pdump.o
                                        0x14b (size before relaxing)
 .rodata.str1.4
                0x000000000011277c      0x126 binaries/pdump.o
 *fill*         0x00000000001128a2        0x2 
 .rodata.str1.4
                0x00000000001128a4      0x148 binaries/tftp.o
 .rodata.str1.1
                0x00000000001129ec        0x6 binaries/tftp.o
                                          0xa (size before relaxing)
 .rodata.str1.1
                0x00000000001129f2       0xea binaries/shell.o
                                        0x106 (size before relaxing)
 .rodata.str1.4
                0x0000000000112adc      0x1c4 binaries/shell.o
 .rodata        0x0000000000112ca0      0x108 binaries/shell.o
                0x0000000000112ca0                cmdtab
 .rodata.str1.1
                0x0000000000112da8       0x26 binaries/xsh_argecho.o
                                         0x28 (size before relaxing)
 .rodata.str1.1
                0x0000000000112dce       0x70 binaries/xsh_arp.o
                                         0x72 (size before relaxing)
 *fill*         0x0000000000112e3e        0x2 
 .rodata.str1.4
                0x0000000000112e40       0xb4 binaries/xsh_arp.o
 .rodata.str1.1
                0x0000000000112ef4       0x2d binaries/xsh_cat.o
                                         0x4f (size before relaxing)
 *fill*         0x0000000000112f21        0x3 
 .rodata.str1.4
                0x0000000000112f24       0x52 binaries/xsh_cat.o
                                         0x79 (size before relaxing)
 .rodata.str1.1
                0x0000000000112f76       0x15 binaries/xsh_clear.o
 .rodata.str1.1
                0x0000000000112f8b       0x46 binaries/xsh_date.o
                                         0x5f (size before relaxing)
 *fill*         0x0000000000112fd1        0x3 
 .rodata.str1.4
                0x0000000000112fd4      0x163 binaries/xsh_date.o
 .rodata.str1.1
                0x0000000000113137       0x5d binaries/xsh_devdump.o
 .rodata.str1.1
                0x0000000000113194        0x4 binaries/xsh_echo.o
                                          0x9 (size before relaxing)
 .rodata.str1.1
                0x0000000000113198       0x65 binaries/xsh_help.o
                                         0xa3 (size before relaxing)
 *fill*         0x00000000001131fd        0x3 
 .rodata.str1.4
                0x0000000000113200       0x7c binaries/xsh_help.o
                                         0xc6 (size before relaxing)
 .rodata.str1.1
                0x000000000011327c       0x9c binaries/xsh_ipaddr.o
                                         0xf8 (size before relaxing)
 .rodata.str1.4
                0x0000000000113318       0x4d binaries/xsh_ipaddr.o
                                         0x99 (size before relaxing)
 .rodata.str1.1
                0x0000000000113365       0x78 binaries/xsh_kill.o
                                         0x97 (size before relaxing)
 *fill*         0x00000000001133dd        0x3 
 .rodata.str1.4
                0x00000000001133e0       0x4a binaries/xsh_kill.o
                                         0x96 (size before relaxing)
 .rodata.str1.1
                0x000000000011342a       0x84 binaries/xsh_memdump.o
                                         0xa8 (size before relaxing)
 *fill*         0x00000000001134ae        0x2 
 .rodata.str1.4
                0x00000000001134b0      0x15a binaries/xsh_memdump.o
                                        0x1aa (size before relaxing)
 .rodata.str1.1
                0x000000000011360a       0x40 binaries/xsh_memstat.o
                                         0x79 (size before relaxing)
 *fill*         0x000000000011364a        0x2 
 .rodata.str1.4
                0x000000000011364c      0x187 binaries/xsh_memstat.o
                                        0x1af (size before relaxing)
 .rodata.str1.1
                0x00000000001137d3       0x1d binaries/xsh_pcount.o
 .rodata.str1.1
                0x00000000001137f0       0x90 binaries/xsh_ping.o
                                         0xaf (size before relaxing)
 .rodata.str1.4
                0x0000000000113880       0x77 binaries/xsh_ping.o
                                         0xc6 (size before relaxing)
 .rodata.str1.1
                0x00000000001138f7       0x74 binaries/xsh_ps.o
                                         0xd5 (size before relaxing)
 *fill*         0x000000000011396b        0x1 
 .rodata.str1.4
                0x000000000011396c       0x80 binaries/xsh_ps.o
                                         0xd0 (size before relaxing)
 *fill*         0x00000000001139ec       0x14 
 .rodata        0x0000000000113a00       0x20 binaries/xsh_ps.o
 .rodata.str1.1
                0x0000000000113a20       0x31 binaries/xsh_sleep.o
                                         0x72 (size before relaxing)
 *fill*         0x0000000000113a51        0x3 
 .rodata.str1.4
                0x0000000000113a54       0x2a binaries/xsh_sleep.o
                                         0x7a (size before relaxing)
 .rodata.str1.1
                0x0000000000113a7e       0x6b binaries/xsh_udpdump.o
                                         0xd2 (size before relaxing)
 *fill*         0x0000000000113ae9        0x3 
 .rodata.str1.4
                0x0000000000113aec       0x94 binaries/xsh_udpdump.o
                                         0xe4 (size before relaxing)
 .rodata.str1.1
                0x0000000000113b80       0xdb binaries/xsh_udpecho.o
                                         0xfa (size before relaxing)
 *fill*         0x0000000000113c5b        0x1 
 .rodata.str1.4
                0x0000000000113c5c       0xc7 binaries/xsh_udpecho.o
                                        0x116 (size before relaxing)
 .rodata.str1.1
                0x0000000000113d23       0x66 binaries/xsh_udpeserver.o
                                         0x8f (size before relaxing)
 *fill*         0x0000000000113d89        0x3 
 .rodata.str1.4
                0x0000000000113d8c       0x29 binaries/xsh_udpeserver.o
                                         0x9f (size before relaxing)
 .rodata.str1.1
                0x0000000000113db5       0x49 binaries/xsh_uptime.o
                                         0x8c (size before relaxing)
 *fill*         0x0000000000113dfe        0x2 
 .rodata.str1.4
                0x0000000000113e00       0x28 binaries/xsh_uptime.o
                                         0x76 (size before relaxing)
                0x0000000000113e28                etext = ABSOLUTE (.)
                0x0000000000114000                . = ALIGN (0x1000)
 *fill*         0x0000000000113e28      0x1d8 

.eh_frame       0x0000000000114000     0x6704
 .eh_frame      0x0000000000114000       0x78 binaries/ascdate.o
 .eh_frame      0x0000000000114078       0x14 binaries/bufinit.o
                                         0x2c (size before relaxing)
 .eh_frame      0x000000000011408c       0x40 binaries/chprio.o
                                         0x58 (size before relaxing)
 .eh_frame      0x00000000001140cc       0x18 binaries/clkhandler.o
                                         0x30 (size before relaxing)
 .eh_frame      0x00000000001140e4       0x3c binaries/clkinit.o
                                         0x54 (size before relaxing)
 .eh_frame      0x0000000000114120       0x3c binaries/close.o
                                         0x54 (size before relaxing)
 .eh_frame      0x000000000011415c       0x44 binaries/control.o
                                         0x5c (size before relaxing)
 .eh_frame      0x00000000001141a0       0x5c binaries/create.o
                                         0x74 (size before relaxing)
 .eh_frame      0x00000000001141fc      0x148 binaries/early_imr.o
                                        0x160 (size before relaxing)
 .eh_frame      0x0000000000114344      0x1a8 binaries/evec.o
                                        0x1c0 (size before relaxing)
 .eh_frame      0x00000000001144ec       0x20 binaries/forever0.o
                                         0x38 (size before relaxing)
 .eh_frame      0x000000000011450c       0x50 binaries/freebuf.o
                                         0x68 (size before relaxing)
 .eh_frame      0x000000000011455c       0x58 binaries/freemem.o
                                         0x70 (size before relaxing)
 .eh_frame      0x00000000001145b4       0x40 binaries/getbuf.o
                                         0x58 (size before relaxing)
 .eh_frame      0x00000000001145f4       0x3c binaries/getc.o
                                         0x54 (size before relaxing)
 .eh_frame      0x0000000000114630       0x5c binaries/getdev.o
                                         0x74 (size before relaxing)
 .eh_frame      0x000000000011468c       0x4c binaries/getitem.o
                                         0x64 (size before relaxing)
 .eh_frame      0x00000000001146d8       0x50 binaries/getmem.o
                                         0x68 (size before relaxing)
 .eh_frame      0x0000000000114728       0x14 binaries/getpid.o
                                         0x2c (size before relaxing)
 .eh_frame      0x000000000011473c       0x34 binaries/getprio.o
                                         0x4c (size before relaxing)
 .eh_frame      0x0000000000114770       0x58 binaries/getstk.o
                                         0x70 (size before relaxing)
 .eh_frame      0x00000000001147c8       0x20 binaries/gettime.o
                                         0x38 (size before relaxing)
 .eh_frame      0x00000000001147e8       0x8c binaries/getutime.o
                                         0xa4 (size before relaxing)
 .eh_frame      0x0000000000114874       0x3c binaries/init.o
                                         0x54 (size before relaxing)
 .eh_frame      0x00000000001148b0       0xdc binaries/initialize.o
                                         0xf4 (size before relaxing)
 .eh_frame      0x000000000011498c       0x24 binaries/insert.o
                                         0x3c (size before relaxing)
 .eh_frame      0x00000000001149b0       0x38 binaries/insertd.o
                                         0x50 (size before relaxing)
 .eh_frame      0x00000000001149e8       0x14 binaries/ioerr.o
                                         0x2c (size before relaxing)
 .eh_frame      0x00000000001149fc       0x14 binaries/ionull.o
                                         0x2c (size before relaxing)
 .eh_frame      0x0000000000114a10       0x78 binaries/kill.o
                                         0x90 (size before relaxing)
 .eh_frame      0x0000000000114a88       0x80 binaries/kprintf.o
                                         0x98 (size before relaxing)
 .eh_frame      0x0000000000114b08       0x28 binaries/main.o
                                         0x40 (size before relaxing)
 .eh_frame      0x0000000000114b30       0x4c binaries/mark.o
                                         0x64 (size before relaxing)
 .eh_frame      0x0000000000114b7c       0x74 binaries/meminit.o
                                         0x8c (size before relaxing)
 .eh_frame      0x0000000000114bf0       0x74 binaries/mkbufpool.o
                                         0x8c (size before relaxing)
 .eh_frame      0x0000000000114c64       0x14 binaries/newqueue.o
                                         0x2c (size before relaxing)
 .eh_frame      0x0000000000114c78       0x44 binaries/open.o
                                         0x5c (size before relaxing)
 .eh_frame      0x0000000000114cbc       0x20 binaries/panic.o
                                         0x38 (size before relaxing)
 .eh_frame      0x0000000000114cdc       0xec binaries/pci.o
                                        0x104 (size before relaxing)
 .eh_frame      0x0000000000114dc8       0x38 binaries/platinit.o
                                         0x50 (size before relaxing)
 .eh_frame      0x0000000000114e00       0x68 binaries/ptclear.o
                                         0x80 (size before relaxing)
 .eh_frame      0x0000000000114e68       0x50 binaries/ptcount.o
                                         0x68 (size before relaxing)
 .eh_frame      0x0000000000114eb8       0x60 binaries/ptcreate.o
                                         0x78 (size before relaxing)
 .eh_frame      0x0000000000114f18       0x44 binaries/ptdelete.o
                                         0x5c (size before relaxing)
 .eh_frame      0x0000000000114f5c       0x3c binaries/ptinit.o
                                         0x54 (size before relaxing)
 .eh_frame      0x0000000000114f98       0x54 binaries/ptrecv.o
                                         0x6c (size before relaxing)
 .eh_frame      0x0000000000114fec       0x44 binaries/ptreset.o
                                         0x5c (size before relaxing)
 .eh_frame      0x0000000000115030       0x5c binaries/ptsend.o
                                         0x74 (size before relaxing)
 .eh_frame      0x000000000011508c       0x44 binaries/putc.o
                                         0x5c (size before relaxing)
 .eh_frame      0x00000000001150d0       0x60 binaries/quark_irq.o
                                         0x78 (size before relaxing)
 .eh_frame      0x0000000000115130       0xd0 binaries/quark_pdat.o
                                         0xe8 (size before relaxing)
 .eh_frame      0x0000000000115200       0x3c binaries/queue.o
                                         0x54 (size before relaxing)
 .eh_frame      0x000000000011523c       0x44 binaries/read.o
                                         0x5c (size before relaxing)
 .eh_frame      0x0000000000115280       0x28 binaries/ready.o
                                         0x40 (size before relaxing)
 .eh_frame      0x00000000001152a8       0x38 binaries/receive.o
                                         0x50 (size before relaxing)
 .eh_frame      0x00000000001152e0       0x28 binaries/recvclr.o
                                         0x40 (size before relaxing)
 .eh_frame      0x0000000000115308       0x50 binaries/recvtime.o
                                         0x68 (size before relaxing)
 .eh_frame      0x0000000000115358       0x64 binaries/resched.o
                                         0x7c (size before relaxing)
 .eh_frame      0x00000000001153bc       0x48 binaries/resume.o
                                         0x60 (size before relaxing)
 .eh_frame      0x0000000000115404       0x40 binaries/seek.o
                                         0x58 (size before relaxing)
 .eh_frame      0x0000000000115444       0x34 binaries/semcount.o
                                         0x4c (size before relaxing)
 .eh_frame      0x0000000000115478       0x40 binaries/semcreate.o
                                         0x58 (size before relaxing)
 .eh_frame      0x00000000001154b8       0x5c binaries/semdelete.o
                                         0x74 (size before relaxing)
 .eh_frame      0x0000000000115514       0x68 binaries/semreset.o
                                         0x80 (size before relaxing)
 .eh_frame      0x000000000011557c       0x58 binaries/send.o
                                         0x70 (size before relaxing)
 .eh_frame      0x00000000001155d4       0x50 binaries/signal.o
                                         0x68 (size before relaxing)
 .eh_frame      0x0000000000115624       0x5c binaries/signaln.o
                                         0x74 (size before relaxing)
 .eh_frame      0x0000000000115680       0x74 binaries/sleep.o
                                         0x8c (size before relaxing)
 .eh_frame      0x00000000001156f4       0x9c binaries/stacktrace.o
                                         0xb4 (size before relaxing)
 .eh_frame      0x0000000000115790       0x50 binaries/suspend.o
                                         0x68 (size before relaxing)
 .eh_frame      0x00000000001157e0       0x44 binaries/unsleep.o
                                         0x5c (size before relaxing)
 .eh_frame      0x0000000000115824       0x20 binaries/userret.o
                                         0x38 (size before relaxing)
 .eh_frame      0x0000000000115844       0x54 binaries/wait.o
                                         0x6c (size before relaxing)
 .eh_frame      0x0000000000115898       0x2c binaries/wakeup.o
                                         0x44 (size before relaxing)
 .eh_frame      0x00000000001158c4       0x44 binaries/write.o
                                         0x5c (size before relaxing)
 .eh_frame      0x0000000000115908       0x1c binaries/xdone.o
                                         0x34 (size before relaxing)
 .eh_frame      0x0000000000115924       0x28 binaries/yield.o
                                         0x40 (size before relaxing)
 .eh_frame      0x000000000011594c       0x14 binaries/abs.o
                                         0x2c (size before relaxing)
 .eh_frame      0x0000000000115960       0x24 binaries/atoi.o
                                         0x3c (size before relaxing)
 .eh_frame      0x0000000000115984       0x24 binaries/atol.o
                                         0x3c (size before relaxing)
 .eh_frame      0x00000000001159a8       0x14 binaries/bzero.o
                                         0x2c (size before relaxing)
 .eh_frame      0x00000000001159bc      0x130 binaries/doprnt.o
                                        0x148 (size before relaxing)
 .eh_frame      0x0000000000115aec      0x104 binaries/doscan.o
                                        0x11c (size before relaxing)
 .eh_frame      0x0000000000115bf0      0x110 binaries/fdoprnt.o
                                        0x128 (size before relaxing)
 .eh_frame      0x0000000000115d00       0x20 binaries/fgetc.o
                                         0x38 (size before relaxing)
 .eh_frame      0x0000000000115d20       0x44 binaries/fgets.o
                                         0x5c (size before relaxing)
 .eh_frame      0x0000000000115d64       0x24 binaries/fprintf.o
                                         0x3c (size before relaxing)
 .eh_frame      0x0000000000115d88       0x20 binaries/fputc.o
                                         0x38 (size before relaxing)
 .eh_frame      0x0000000000115da8       0x38 binaries/fputs.o
                                         0x50 (size before relaxing)
 .eh_frame      0x0000000000115de0       0x6c binaries/fscanf.o
                                         0x84 (size before relaxing)
 .eh_frame      0x0000000000115e4c       0x1c binaries/getchar.o
                                         0x34 (size before relaxing)
 .eh_frame      0x0000000000115e68       0x14 binaries/labs.o
                                         0x2c (size before relaxing)
 .eh_frame      0x0000000000115e7c       0x14 binaries/memchr.o
                                         0x2c (size before relaxing)
 .eh_frame      0x0000000000115e90       0x24 binaries/memcmp.o
                                         0x3c (size before relaxing)
 .eh_frame      0x0000000000115eb4       0x24 binaries/memcpy.o
                                         0x3c (size before relaxing)
 .eh_frame      0x0000000000115ed8       0x1c binaries/memset.o
                                         0x34 (size before relaxing)
 .eh_frame      0x0000000000115ef4       0x24 binaries/printf.o
                                         0x3c (size before relaxing)
 .eh_frame      0x0000000000115f18       0x20 binaries/putchar.o
                                         0x38 (size before relaxing)
 .eh_frame      0x0000000000115f38       0xc0 binaries/qsort.o
                                         0xd8 (size before relaxing)
 .eh_frame      0x0000000000115ff8       0x28 binaries/rand.o
                                         0x40 (size before relaxing)
 .eh_frame      0x0000000000116020       0x48 binaries/sprintf.o
                                         0x60 (size before relaxing)
 .eh_frame      0x0000000000116068       0x54 binaries/sscanf.o
                                         0x6c (size before relaxing)
 .eh_frame      0x00000000001160bc       0x1c binaries/strchr.o
                                         0x34 (size before relaxing)
 .eh_frame      0x00000000001160d8       0x1c binaries/strcmp.o
                                         0x34 (size before relaxing)
 .eh_frame      0x00000000001160f4       0x14 binaries/strcpy.o
                                         0x2c (size before relaxing)
 .eh_frame      0x0000000000116108       0x14 binaries/strlen.o
                                         0x2c (size before relaxing)
 .eh_frame      0x000000000011611c       0x2c binaries/strncat.o
                                         0x44 (size before relaxing)
 .eh_frame      0x0000000000116148       0x1c binaries/strncmp.o
                                         0x34 (size before relaxing)
 .eh_frame      0x0000000000116164       0x30 binaries/strncpy.o
                                         0x48 (size before relaxing)
 .eh_frame      0x0000000000116194       0x1c binaries/strnlen.o
                                         0x34 (size before relaxing)
 .eh_frame      0x00000000001161b0       0x1c binaries/strrchr.o
                                         0x34 (size before relaxing)
 .eh_frame      0x00000000001161cc       0x38 binaries/strstr.o
                                         0x50 (size before relaxing)
 .eh_frame      0x0000000000116204       0x48 binaries/ttycontrol.o
                                         0x60 (size before relaxing)
 .eh_frame      0x000000000011624c       0x38 binaries/ttygetc.o
                                         0x50 (size before relaxing)
 .eh_frame      0x0000000000116284       0xd8 binaries/ttyhandle_in.o
                                         0xf0 (size before relaxing)
 .eh_frame      0x000000000011635c       0x64 binaries/ttyhandle_out.o
                                         0x7c (size before relaxing)
 .eh_frame      0x00000000001163c0       0x54 binaries/ttyhandler.o
                                         0x6c (size before relaxing)
 .eh_frame      0x0000000000116414       0x48 binaries/ttyinit.o
                                         0x60 (size before relaxing)
 .eh_frame      0x000000000011645c       0x14 binaries/ttykickout.o
                                         0x2c (size before relaxing)
 .eh_frame      0x0000000000116470       0x58 binaries/ttyputc.o
                                         0x70 (size before relaxing)
 .eh_frame      0x00000000001164c8       0x60 binaries/ttyread.o
                                         0x78 (size before relaxing)
 .eh_frame      0x0000000000116528       0x38 binaries/ttywrite.o
                                         0x50 (size before relaxing)
 .eh_frame      0x0000000000116560       0x78 binaries/mount.o
                                         0x90 (size before relaxing)
 .eh_frame      0x00000000001165d8       0xe4 binaries/naminit.o
                                         0xfc (size before relaxing)
 .eh_frame      0x00000000001166bc       0xe8 binaries/nammap.o
                                        0x100 (size before relaxing)
 .eh_frame      0x00000000001167a4       0x3c binaries/namopen.o
                                         0x54 (size before relaxing)
 .eh_frame      0x00000000001167e0       0x3c binaries/colon2mac.o
                                         0x54 (size before relaxing)
 .eh_frame      0x000000000011681c       0x40 binaries/ethcontrol.o
                                         0x58 (size before relaxing)
 .eh_frame      0x000000000011685c       0x58 binaries/ethhandler.o
                                         0x70 (size before relaxing)
 .eh_frame      0x00000000001168b4      0x14c binaries/ethinit.o
                                        0x164 (size before relaxing)
 .eh_frame      0x0000000000116a00       0xa0 binaries/ethmcast.o
                                         0xb8 (size before relaxing)
 .eh_frame      0x0000000000116aa0       0x80 binaries/ethread.o
                                         0x98 (size before relaxing)
 .eh_frame      0x0000000000116b20       0x44 binaries/ethwrite.o
                                         0x5c (size before relaxing)
 .eh_frame      0x0000000000116b64       0x30 binaries/rdsbufalloc.o
                                         0x48 (size before relaxing)
 .eh_frame      0x0000000000116b94       0x3c binaries/rdsclose.o
                                         0x54 (size before relaxing)
 .eh_frame      0x0000000000116bd0       0x8c binaries/rdscomm.o
                                         0xa4 (size before relaxing)
 .eh_frame      0x0000000000116c5c       0xb0 binaries/rdscontrol.o
                                         0xc8 (size before relaxing)
 .eh_frame      0x0000000000116d0c       0x90 binaries/rdsinit.o
                                         0xa8 (size before relaxing)
 .eh_frame      0x0000000000116d9c       0x74 binaries/rdsopen.o
                                         0x8c (size before relaxing)
 .eh_frame      0x0000000000116e10       0xf8 binaries/rdsprocess.o
                                        0x110 (size before relaxing)
 .eh_frame      0x0000000000116f08       0x7c binaries/rdsread.o
                                         0x94 (size before relaxing)
 .eh_frame      0x0000000000116f84       0x80 binaries/rdswrite.o
                                         0x98 (size before relaxing)
 .eh_frame      0x0000000000117004       0x14 binaries/ramclose.o
                                         0x2c (size before relaxing)
 .eh_frame      0x0000000000117018       0x2c binaries/raminit.o
                                         0x44 (size before relaxing)
 .eh_frame      0x0000000000117044       0x14 binaries/ramopen.o
                                         0x2c (size before relaxing)
 .eh_frame      0x0000000000117058       0x20 binaries/ramread.o
                                         0x38 (size before relaxing)
 .eh_frame      0x0000000000117078       0x20 binaries/ramwrite.o
                                         0x38 (size before relaxing)
 .eh_frame      0x0000000000117098       0x64 binaries/lfdballoc.o
                                         0x7c (size before relaxing)
 .eh_frame      0x00000000001170fc       0x40 binaries/lfdbfree.o
                                         0x58 (size before relaxing)
 .eh_frame      0x000000000011713c       0x50 binaries/lfflush.o
                                         0x68 (size before relaxing)
 .eh_frame      0x000000000011718c       0x14 binaries/lfgetmode.o
                                         0x2c (size before relaxing)
 .eh_frame      0x00000000001171a0       0x44 binaries/lfiballoc.o
                                         0x5c (size before relaxing)
 .eh_frame      0x00000000001171e4       0x14 binaries/lfibclear.o
                                         0x2c (size before relaxing)
 .eh_frame      0x00000000001171f8       0x4c binaries/lfibget.o
                                         0x64 (size before relaxing)
 .eh_frame      0x0000000000117244       0x68 binaries/lfibput.o
                                         0x80 (size before relaxing)
 .eh_frame      0x00000000001172ac       0x4c binaries/lflclose.o
                                         0x64 (size before relaxing)
 .eh_frame      0x00000000001172f8       0x68 binaries/lflcontrol.o
                                         0x80 (size before relaxing)
 .eh_frame      0x0000000000117360       0x5c binaries/lflgetc.o
                                         0x74 (size before relaxing)
 .eh_frame      0x00000000001173bc       0x50 binaries/lflinit.o
                                         0x68 (size before relaxing)
 .eh_frame      0x000000000011740c       0x68 binaries/lflputc.o
                                         0x80 (size before relaxing)
 .eh_frame      0x0000000000117474       0x44 binaries/lflread.o
                                         0x5c (size before relaxing)
 .eh_frame      0x00000000001174b8       0x50 binaries/lflseek.o
                                         0x68 (size before relaxing)
 .eh_frame      0x0000000000117508       0x48 binaries/lflwrite.o
                                         0x60 (size before relaxing)
 .eh_frame      0x0000000000117550       0xc8 binaries/lfsckfmt.o
                                         0xe0 (size before relaxing)
 .eh_frame      0x0000000000117618       0xd4 binaries/lfscreate.o
                                         0xec (size before relaxing)
 .eh_frame      0x00000000001176ec       0xbc binaries/lfsetup.o
                                         0xd4 (size before relaxing)
 .eh_frame      0x00000000001177a8       0x28 binaries/lfsinit.o
                                         0x40 (size before relaxing)
 .eh_frame      0x00000000001177d0       0x90 binaries/lfsopen.o
                                         0xa8 (size before relaxing)
 .eh_frame      0x0000000000117860       0x84 binaries/lftruncate.o
                                         0x9c (size before relaxing)
 .eh_frame      0x00000000001178e4       0x30 binaries/rflclose.o
                                         0x48 (size before relaxing)
 .eh_frame      0x0000000000117914       0x24 binaries/rflgetc.o
                                         0x3c (size before relaxing)
 .eh_frame      0x0000000000117938       0x1c binaries/rflinit.o
                                         0x34 (size before relaxing)
 .eh_frame      0x0000000000117954       0x24 binaries/rflputc.o
                                         0x3c (size before relaxing)
 .eh_frame      0x0000000000117978       0xd8 binaries/rflread.o
                                         0xf0 (size before relaxing)
 .eh_frame      0x0000000000117a50       0x30 binaries/rflseek.o
                                         0x48 (size before relaxing)
 .eh_frame      0x0000000000117a80       0xcc binaries/rflwrite.o
                                         0xe4 (size before relaxing)
 .eh_frame      0x0000000000117b4c       0x88 binaries/rfscomm.o
                                         0xa0 (size before relaxing)
 .eh_frame      0x0000000000117bd4      0x110 binaries/rfscontrol.o
                                        0x128 (size before relaxing)
 .eh_frame      0x0000000000117ce4       0x14 binaries/rfsgetmode.o
                                         0x2c (size before relaxing)
 .eh_frame      0x0000000000117cf8       0x3c binaries/rfsinit.o
                                         0x54 (size before relaxing)
 .eh_frame      0x0000000000117d34       0x3c binaries/rfsndmsg.o
                                         0x54 (size before relaxing)
 .eh_frame      0x0000000000117d70       0xd0 binaries/rfsopen.o
                                         0xe8 (size before relaxing)
 .eh_frame      0x0000000000117e40      0x244 binaries/arp.o
                                        0x25c (size before relaxing)
 .eh_frame      0x0000000000118084      0x264 binaries/dhcp.o
                                        0x27c (size before relaxing)
 .eh_frame      0x00000000001182e8       0x38 binaries/dot2ip.o
                                         0x50 (size before relaxing)
 .eh_frame      0x0000000000118320      0x1b0 binaries/hexdump.o
                                        0x1c8 (size before relaxing)
 .eh_frame      0x00000000001184d0      0x2e0 binaries/icmp.o
                                        0x2f8 (size before relaxing)
 .eh_frame      0x00000000001187b0      0x2a4 binaries/ip.o
                                        0x2bc (size before relaxing)
 .eh_frame      0x0000000000118a54      0x114 binaries/net.o
                                        0x12c (size before relaxing)
 .eh_frame      0x0000000000118b68       0x64 binaries/netstart.o
                                         0x7c (size before relaxing)
 .eh_frame      0x0000000000118bcc      0x380 binaries/pdump.o
                                        0x398 (size before relaxing)
 .eh_frame      0x0000000000118f4c      0x25c binaries/tftp.o
                                        0x274 (size before relaxing)
 .eh_frame      0x00000000001191a8      0x34c binaries/udp.o
                                        0x364 (size before relaxing)
 .eh_frame      0x00000000001194f4       0x68 binaries/addargs.o
                                         0x80 (size before relaxing)
 .eh_frame      0x000000000011955c       0x38 binaries/lexan.o
                                         0x50 (size before relaxing)
 .eh_frame      0x0000000000119594      0x24c binaries/shell.o
                                        0x264 (size before relaxing)
 .eh_frame      0x00000000001197e0       0x50 binaries/xsh_argecho.o
                                         0x68 (size before relaxing)
 .eh_frame      0x0000000000119830       0xe0 binaries/xsh_arp.o
                                         0xf8 (size before relaxing)
 .eh_frame      0x0000000000119910       0xac binaries/xsh_cat.o
                                         0xc4 (size before relaxing)
 .eh_frame      0x00000000001199bc       0x30 binaries/xsh_clear.o
                                         0x48 (size before relaxing)
 .eh_frame      0x00000000001199ec       0xdc binaries/xsh_date.o
                                         0xf4 (size before relaxing)
 .eh_frame      0x0000000000119ac8       0x50 binaries/xsh_devdump.o
                                         0x68 (size before relaxing)
[...]
 .comment       0x000000000000002a       0x2b binaries/ip.o
 .comment       0x000000000000002a       0x2b binaries/net.o
 .comment       0x000000000000002a       0x2b binaries/netstart.o
 .comment       0x000000000000002a       0x2b binaries/pdump.o
 .comment       0x000000000000002a       0x2b binaries/tftp.o
 .comment       0x000000000000002a       0x2b binaries/udp.o
 .comment       0x000000000000002a       0x2b binaries/addargs.o
 .comment       0x000000000000002a       0x2b binaries/lexan.o
 .comment       0x000000000000002a       0x2b binaries/shell.o
 .comment       0x000000000000002a       0x2b binaries/xsh_argecho.o
 .comment       0x000000000000002a       0x2b binaries/xsh_arp.o
 .comment       0x000000000000002a       0x2b binaries/xsh_cat.o
 .comment       0x000000000000002a       0x2b binaries/xsh_clear.o
 .comment       0x000000000000002a       0x2b binaries/xsh_date.o
 .comment       0x000000000000002a       0x2b binaries/xsh_devdump.o
 .comment       0x000000000000002a       0x2b binaries/xsh_echo.o
 .comment       0x000000000000002a       0x2b binaries/xsh_exit.o
 .comment       0x000000000000002a       0x2b binaries/xsh_help.o
 .comment       0x000000000000002a       0x2b binaries/xsh_ipaddr.o
 .comment       0x000000000000002a       0x2b binaries/xsh_kill.o
 .comment       0x000000000000002a       0x2b binaries/xsh_memdump.o
 .comment       0x000000000000002a       0x2b binaries/xsh_memstat.o
 .comment       0x000000000000002a       0x2b binaries/xsh_pcount.o
 .comment       0x000000000000002a       0x2b binaries/xsh_ping.o
 .comment       0x000000000000002a       0x2b binaries/xsh_ps.o
 .comment       0x000000000000002a       0x2b binaries/xsh_sleep.o
 .comment       0x000000000000002a       0x2b binaries/xsh_udpdump.o
 .comment       0x000000000000002a       0x2b binaries/xsh_udpecho.o
 .comment       0x000000000000002a       0x2b binaries/xsh_udpeserver.o
 .comment       0x000000000000002a       0x2b binaries/xsh_uptime.o

.note.GNU-stack
                0x0000000000000000        0x0
 .note.GNU-stack
                0x0000000000000000        0x0 binaries/ascdate.o
 .note.GNU-stack
                0x0000000000000000        0x0 binaries/bufinit.o
 .note.GNU-stack
                0x0000000000000000        0x0 binaries/chprio.o
 .note.GNU-stack
                0x0000000000000000        0x0 binaries/clkhandler.o
 .note.GNU-stack
                0x0000000000000000        0x0 binaries/clkinit.o
 .note.GNU-stack
                0x0000000000000000        0x0 binaries/close.o
 .note.GNU-stack
                0x0000000000000000        0x0 binaries/conf.o
 .note.GNU-stack
                0x0000000000000000        0x0 binaries/control.o
 .note.GNU-stack
                0x0000000000000000        0x0 binaries/create.o
 .note.GNU-stack
                0x0000000000000000        0x0 binaries/early_imr.o
 .note.GNU-stack
                0x0000000000000000        0x0 binaries/evec.o
 .note.GNU-stack
                0x0000000000000000        0x0 binaries/forever0.o
 .note.GNU-stack
                0x0000000000000000        0x0 binaries/freebuf.o
 .note.GNU-stack
                0x0000000000000000        0x0 binaries/freemem.o
 .note.GNU-stack
                0x0000000000000000        0x0 binaries/getbuf.o
 .note.GNU-stack
                0x0000000000000000        0x0 binaries/getc.o
 .note.GNU-stack
                0x0000000000000000        0x0 binaries/getdev.o
 .note.GNU-stack
                0x0000000000000000        0x0 binaries/getitem.o
 .note.GNU-stack
                0x0000000000000000        0x0 binaries/getmem.o
 .note.GNU-stack
                0x0000000000000000        0x0 binaries/getpid.o
 .note.GNU-stack
                0x0000000000000000        0x0 binaries/getprio.o
 .note.GNU-stack
                0x0000000000000000        0x0 binaries/getstk.o
 .note.GNU-stack
                0x0000000000000000        0x0 binaries/gettime.o
 .note.GNU-stack
                0x0000000000000000        0x0 binaries/getutime.o
 .note.GNU-stack
                0x0000000000000000        0x0 binaries/init.o
 .note.GNU-stack
                0x0000000000000000        0x0 binaries/initialize.o
 .note.GNU-stack
                0x0000000000000000        0x0 binaries/insert.o
 .note.GNU-stack
                0x0000000000000000        0x0 binaries/insertd.o
 .note.GNU-stack
                0x0000000000000000        0x0 binaries/ioerr.o
 .note.GNU-stack
                0x0000000000000000        0x0 binaries/ionull.o
 .note.GNU-stack
                0x0000000000000000        0x0 binaries/kill.o
 .note.GNU-stack
                0x0000000000000000        0x0 binaries/kprintf.o
 .note.GNU-stack
                0x0000000000000000        0x0 binaries/main.o
 .note.GNU-stack
                0x0000000000000000        0x0 binaries/mark.o
 .note.GNU-stack
                0x0000000000000000        0x0 binaries/meminit.o
 .note.GNU-stack
                0x0000000000000000        0x0 binaries/mkbufpool.o
 .note.GNU-stack
                0x0000000000000000        0x0 binaries/newqueue.o
 .note.GNU-stack
                0x0000000000000000        0x0 binaries/open.o
 .note.GNU-stack
                0x0000000000000000        0x0 binaries/panic.o
 .note.GNU-stack
                0x0000000000000000        0x0 binaries/pci.o
 .note.GNU-stack
                0x0000000000000000        0x0 binaries/platinit.o
 .note.GNU-stack
                0x0000000000000000        0x0 binaries/ptclear.o
 .note.GNU-stack
                0x0000000000000000        0x0 binaries/ptcount.o
 .note.GNU-stack
                0x0000000000000000        0x0 binaries/ptcreate.o
 .note.GNU-stack
                0x0000000000000000        0x0 binaries/ptdelete.o
 .note.GNU-stack
                0x0000000000000000        0x0 binaries/ptinit.o
 .note.GNU-stack
                0x0000000000000000        0x0 binaries/ptrecv.o
 .note.GNU-stack
                0x0000000000000000        0x0 binaries/ptreset.o
 .note.GNU-stack
                0x0000000000000000        0x0 binaries/ptsend.o
 .note.GNU-stack
                0x0000000000000000        0x0 binaries/putc.o
 .note.GNU-stack
                0x0000000000000000        0x0 binaries/quark_irq.o
 .note.GNU-stack
                0x0000000000000000        0x0 binaries/quark_pdat.o
 .note.GNU-stack
                0x0000000000000000        0x0 binaries/queue.o
 .note.GNU-stack
                0x0000000000000000        0x0 binaries/read.o
 .note.GNU-stack
                0x0000000000000000        0x0 binaries/ready.o
 .note.GNU-stack
                0x0000000000000000        0x0 binaries/receive.o
 .note.GNU-stack
                0x0000000000000000        0x0 binaries/recvclr.o
 .note.GNU-stack
                0x0000000000000000        0x0 binaries/recvtime.o
 .note.GNU-stack
                0x0000000000000000        0x0 binaries/resched.o
 .note.GNU-stack
                0x0000000000000000        0x0 binaries/resume.o
 .note.GNU-stack
                0x0000000000000000        0x0 binaries/seek.o
 .note.GNU-stack
                0x0000000000000000        0x0 binaries/semcount.o
 .note.GNU-stack
                0x0000000000000000        0x0 binaries/semcreate.o
 .note.GNU-stack
                0x0000000000000000        0x0 binaries/semdelete.o
 .note.GNU-stack
                0x0000000000000000        0x0 binaries/semreset.o
 .note.GNU-stack
                0x0000000000000000        0x0 binaries/send.o
 .note.GNU-stack
                0x0000000000000000        0x0 binaries/signal.o
 .note.GNU-stack
                0x0000000000000000        0x0 binaries/signaln.o
 .note.GNU-stack
                0x0000000000000000        0x0 binaries/sleep.o
 .note.GNU-stack
                0x0000000000000000        0x0 binaries/stacktrace.o
 .note.GNU-stack
                0x0000000000000000        0x0 binaries/suspend.o
 .note.GNU-stack
                0x0000000000000000        0x0 binaries/unsleep.o
 .note.GNU-stack
                0x0000000000000000        0x0 binaries/userret.o
 .note.GNU-stack
                0x0000000000000000        0x0 binaries/wait.o
 .note.GNU-stack
                0x0000000000000000        0x0 binaries/wakeup.o
 .note.GNU-stack
                0x0000000000000000        0x0 binaries/write.o
 .note.GNU-stack
                0x0000000000000000        0x0 binaries/xdone.o
 .note.GNU-stack
                0x0000000000000000        0x0 binaries/yield.o
 .note.GNU-stack
                0x0000000000000000        0x0 binaries/abs.o
 .note.GNU-stack
                0x0000000000000000        0x0 binaries/atoi.o
 .note.GNU-stack
                0x0000000000000000        0x0 binaries/atol.o
 .note.GNU-stack
                0x0000000000000000        0x0 binaries/bzero.o
 .note.GNU-stack
                0x0000000000000000        0x0 binaries/ctype_.o
 .note.GNU-stack
                0x0000000000000000        0x0 binaries/doprnt.o
 .note.GNU-stack
                0x0000000000000000        0x0 binaries/doscan.o
 .note.GNU-stack
                0x0000000000000000        0x0 binaries/fdoprnt.o
 .note.GNU-stack
                0x0000000000000000        0x0 binaries/fgetc.o
 .note.GNU-stack
                0x0000000000000000        0x0 binaries/fgets.o
 .note.GNU-stack
                0x0000000000000000        0x0 binaries/fprintf.o
 .note.GNU-stack
                0x0000000000000000        0x0 binaries/fputc.o
 .note.GNU-stack
                0x0000000000000000        0x0 binaries/fputs.o
 .note.GNU-stack
                0x0000000000000000        0x0 binaries/fscanf.o
 .note.GNU-stack
                0x0000000000000000        0x0 binaries/getchar.o
 .note.GNU-stack
                0x0000000000000000        0x0 binaries/labs.o
 .note.GNU-stack
                0x0000000000000000        0x0 binaries/memchr.o
 .note.GNU-stack
                0x0000000000000000        0x0 binaries/memcmp.o
 .note.GNU-stack
                0x0000000000000000        0x0 binaries/memcpy.o
 .note.GNU-stack
                0x0000000000000000        0x0 binaries/memset.o
 .note.GNU-stack
                0x0000000000000000        0x0 binaries/printf.o
 .note.GNU-stack
                0x0000000000000000        0x0 binaries/putchar.o
 .note.GNU-stack
                0x0000000000000000        0x0 binaries/qsort.o
 .note.GNU-stack
                0x0000000000000000        0x0 binaries/rand.o
 .note.GNU-stack
                0x0000000000000000        0x0 binaries/sprintf.o
 .note.GNU-stack
                0x0000000000000000        0x0 binaries/sscanf.o
 .note.GNU-stack
                0x0000000000000000        0x0 binaries/strchr.o
 .note.GNU-stack
                0x0000000000000000        0x0 binaries/strcmp.o
 .note.GNU-stack
                0x0000000000000000        0x0 binaries/strcpy.o
 .note.GNU-stack
                0x0000000000000000        0x0 binaries/strlen.o
 .note.GNU-stack
                0x0000000000000000        0x0 binaries/strncat.o
 .note.GNU-stack
                0x0000000000000000        0x0 binaries/strncmp.o
 .note.GNU-stack
                0x0000000000000000        0x0 binaries/strncpy.o
 .note.GNU-stack
                0x0000000000000000        0x0 binaries/strnlen.o
 .note.GNU-stack
                0x0000000000000000        0x0 binaries/strrchr.o
 .note.GNU-stack
                0x0000000000000000        0x0 binaries/strstr.o
 .note.GNU-stack
                0x0000000000000000        0x0 binaries/ttycontrol.o
 .note.GNU-stack
                0x0000000000000000        0x0 binaries/ttygetc.o
 .note.GNU-stack
                0x0000000000000000        0x0 binaries/ttyhandle_in.o
 .note.GNU-stack
                0x0000000000000000        0x0 binaries/ttyhandle_out.o
 .note.GNU-stack
                0x0000000000000000        0x0 binaries/ttyhandler.o
 .note.GNU-stack
                0x0000000000000000        0x0 binaries/ttyinit.o
 .note.GNU-stack
                0x0000000000000000        0x0 binaries/ttykickout.o
 .note.GNU-stack
                0x0000000000000000        0x0 binaries/ttyputc.o
 .note.GNU-stack
                0x0000000000000000        0x0 binaries/ttyread.o
 .note.GNU-stack
                0x0000000000000000        0x0 binaries/ttywrite.o
 .note.GNU-stack
                0x0000000000000000        0x0 binaries/mount.o
 .note.GNU-stack
                0x0000000000000000        0x0 binaries/naminit.o
 .note.GNU-stack
                0x0000000000000000        0x0 binaries/nammap.o
 .note.GNU-stack
                0x0000000000000000        0x0 binaries/namopen.o
 .note.GNU-stack
                0x0000000000000000        0x0 binaries/colon2mac.o
 .note.GNU-stack
                0x0000000000000000        0x0 binaries/ethcontrol.o
 .note.GNU-stack
                0x0000000000000000        0x0 binaries/ethhandler.o
 .note.GNU-stack
                0x0000000000000000        0x0 binaries/ethinit.o
 .note.GNU-stack
                0x0000000000000000        0x0 binaries/ethmcast.o
 .note.GNU-stack
                0x0000000000000000        0x0 binaries/ethread.o
 .note.GNU-stack
                0x0000000000000000        0x0 binaries/ethwrite.o
 .note.GNU-stack
                0x0000000000000000        0x0 binaries/rdsbufalloc.o
 .note.GNU-stack
                0x0000000000000000        0x0 binaries/rdsclose.o
 .note.GNU-stack
                0x0000000000000000        0x0 binaries/rdscomm.o
 .note.GNU-stack
                0x0000000000000000        0x0 binaries/rdscontrol.o
 .note.GNU-stack
                0x0000000000000000        0x0 binaries/rdsinit.o
 .note.GNU-stack
                0x0000000000000000        0x0 binaries/rdsopen.o
 .note.GNU-stack
                0x0000000000000000        0x0 binaries/rdsprocess.o
 .note.GNU-stack
                0x0000000000000000        0x0 binaries/rdsread.o
 .note.GNU-stack
                0x0000000000000000        0x0 binaries/rdswrite.o
 .note.GNU-stack
                0x0000000000000000        0x0 binaries/ramclose.o
 .note.GNU-stack
                0x0000000000000000        0x0 binaries/raminit.o
 .note.GNU-stack
                0x0000000000000000        0x0 binaries/ramopen.o
 .note.GNU-stack
                0x0000000000000000        0x0 binaries/ramread.o
 .note.GNU-stack
                0x0000000000000000        0x0 binaries/ramwrite.o
 .note.GNU-stack
                0x0000000000000000        0x0 binaries/lfdballoc.o
 .note.GNU-stack
                0x0000000000000000        0x0 binaries/lfdbfree.o
 .note.GNU-stack
                0x0000000000000000        0x0 binaries/lfflush.o
 .note.GNU-stack
                0x0000000000000000        0x0 binaries/lfgetmode.o
 .note.GNU-stack
                0x0000000000000000        0x0 binaries/lfiballoc.o
 .note.GNU-stack
                0x0000000000000000        0x0 binaries/lfibclear.o
 .note.GNU-stack
                0x0000000000000000        0x0 binaries/lfibget.o
 .note.GNU-stack
                0x0000000000000000        0x0 binaries/lfibput.o
 .note.GNU-stack
                0x0000000000000000        0x0 binaries/lflclose.o
 .note.GNU-stack
                0x0000000000000000        0x0 binaries/lflcontrol.o
 .note.GNU-stack
                0x0000000000000000        0x0 binaries/lflgetc.o
 .note.GNU-stack
                0x0000000000000000        0x0 binaries/lflinit.o
 .note.GNU-stack
                0x0000000000000000        0x0 binaries/lflputc.o
 .note.GNU-stack
                0x0000000000000000        0x0 binaries/lflread.o
 .note.GNU-stack
                0x0000000000000000        0x0 binaries/lflseek.o
 .note.GNU-stack
                0x0000000000000000        0x0 binaries/lflwrite.o
 .note.GNU-stack
                0x0000000000000000        0x0 binaries/lfsckfmt.o
 .note.GNU-stack
                0x0000000000000000        0x0 binaries/lfscreate.o
 .note.GNU-stack
                0x0000000000000000        0x0 binaries/lfsetup.o
 .note.GNU-stack
                0x0000000000000000        0x0 binaries/lfsinit.o
 .note.GNU-stack
                0x0000000000000000        0x0 binaries/lfsopen.o
 .note.GNU-stack
                0x0000000000000000        0x0 binaries/lftruncate.o
 .note.GNU-stack
                0x0000000000000000        0x0 binaries/rflclose.o
 .note.GNU-stack
                0x0000000000000000        0x0 binaries/rflgetc.o
 .note.GNU-stack
                0x0000000000000000        0x0 binaries/rflinit.o
 .note.GNU-stack
                0x0000000000000000        0x0 binaries/rflputc.o
 .note.GNU-stack
                0x0000000000000000        0x0 binaries/rflread.o
 .note.GNU-stack
                0x0000000000000000        0x0 binaries/rflseek.o
 .note.GNU-stack
                0x0000000000000000        0x0 binaries/rflwrite.o
 .note.GNU-stack
                0x0000000000000000        0x0 binaries/rfscomm.o
 .note.GNU-stack
                0x0000000000000000        0x0 binaries/rfscontrol.o
 .note.GNU-stack
                0x0000000000000000        0x0 binaries/rfsgetmode.o
 .note.GNU-stack
                0x0000000000000000        0x0 binaries/rfsinit.o
 .note.GNU-stack
                0x0000000000000000        0x0 binaries/rfsndmsg.o
 .note.GNU-stack
                0x0000000000000000        0x0 binaries/rfsopen.o
 .note.GNU-stack
                0x0000000000000000        0x0 binaries/arp.o
 .note.GNU-stack
                0x0000000000000000        0x0 binaries/dhcp.o
 .note.GNU-stack
                0x0000000000000000        0x0 binaries/dot2ip.o
 .note.GNU-stack
                0x0000000000000000        0x0 binaries/hexdump.o
 .note.GNU-stack
                0x0000000000000000        0x0 binaries/icmp.o
 .note.GNU-stack
                0x0000000000000000        0x0 binaries/ip.o
 .note.GNU-stack
                0x0000000000000000        0x0 binaries/net.o
 .note.GNU-stack
                0x0000000000000000        0x0 binaries/netstart.o
 .note.GNU-stack
                0x0000000000000000        0x0 binaries/pdump.o
 .note.GNU-stack
                0x0000000000000000        0x0 binaries/tftp.o
 .note.GNU-stack
                0x0000000000000000        0x0 binaries/udp.o
 .note.GNU-stack
                0x0000000000000000        0x0 binaries/addargs.o
 .note.GNU-stack
                0x0000000000000000        0x0 binaries/lexan.o
 .note.GNU-stack
                0x0000000000000000        0x0 binaries/shell.o
 .note.GNU-stack
                0x0000000000000000        0x0 binaries/xsh_argecho.o
 .note.GNU-stack
                0x0000000000000000        0x0 binaries/xsh_arp.o
 .note.GNU-stack
                0x0000000000000000        0x0 binaries/xsh_cat.o
 .note.GNU-stack
                0x0000000000000000        0x0 binaries/xsh_clear.o
 .note.GNU-stack
                0x0000000000000000        0x0 binaries/xsh_date.o
 .note.GNU-stack
                0x0000000000000000        0x0 binaries/xsh_devdump.o
 .note.GNU-stack
                0x0000000000000000        0x0 binaries/xsh_echo.o
 .note.GNU-stack
                0x0000000000000000        0x0 binaries/xsh_exit.o
 .note.GNU-stack
                0x0000000000000000        0x0 binaries/xsh_help.o
 .note.GNU-stack
                0x0000000000000000        0x0 binaries/xsh_ipaddr.o
 .note.GNU-stack
                0x0000000000000000        0x0 binaries/xsh_kill.o
 .note.GNU-stack
                0x0000000000000000        0x0 binaries/xsh_memdump.o
 .note.GNU-stack
                0x0000000000000000        0x0 binaries/xsh_memstat.o
 .note.GNU-stack
                0x0000000000000000        0x0 binaries/xsh_pcount.o
 .note.GNU-stack
                0x0000000000000000        0x0 binaries/xsh_ping.o
 .note.GNU-stack
                0x0000000000000000        0x0 binaries/xsh_ps.o
 .note.GNU-stack
                0x0000000000000000        0x0 binaries/xsh_sleep.o
 .note.GNU-stack
                0x0000000000000000        0x0 binaries/xsh_udpdump.o
 .note.GNU-stack
                0x0000000000000000        0x0 binaries/xsh_udpecho.o
 .note.GNU-stack
                0x0000000000000000        0x0 binaries/xsh_udpeserver.o
 .note.GNU-stack
                0x0000000000000000        0x0 binaries/xsh_uptime.o
