
Allocating common symbols
Common symbol       size              file

netbufpool          0x4               binaries/net.o
readylist           0x2               binaries/ready.o
rfltab              0x5a0             binaries/rflinit.o
sleepq              0x2               binaries/clkinit.o
nnames              0x4               binaries/naminit.o
udptab              0x168             binaries/udp.o
minheap             0x4               binaries/meminit.o
marks               0x50              binaries/mark.o
currpid             0x4               binaries/initialize.o
Lf_data             0x20c             binaries/lfsinit.o
porttab             0x2d0             binaries/ptinit.o
girmask             0x2               binaries/evec.o
ttytab              0x10c             binaries/ttyinit.o
proctab             0x1900            binaries/initialize.o
prcount             0x4               binaries/initialize.o
lfltab              0xf00             binaries/lflinit.o
rdstab              0x8c              binaries/rdsinit.o
ethertab            0x138             binaries/ethinit.o
NetData             0xa8              binaries/net.o
nmarks              0x4               binaries/mark.o
Defer               0x8               binaries/resched.o
semtab              0x4b0             binaries/initialize.o
maxheap             0x4               binaries/meminit.o
preempt             0x4               binaries/clkinit.o
buftab              0xf0              binaries/bufinit.o
Rf_data             0x18              binaries/rfsinit.o
clktimefine         0x4               binaries/clkinit.o
mkmutex             0x4               binaries/mark.o
clktime             0x4               binaries/clkinit.o
arpcache            0x140             binaries/arp.o
icmptab             0x230             binaries/icmp.o
nbpools             0x4               binaries/bufinit.o
queuetab            0x980             binaries/queue.o
ptnextid            0x4               binaries/ptinit.o
Ram                 0x19000           binaries/raminit.o
ipoqueue            0x2c              binaries/ip.o
memlist             0x8               binaries/initialize.o
nametab             0x19a0            binaries/naminit.o
ptfree              0x4               binaries/ptinit.o

Memory Configuration

Name             Origin             Length             Attributes
*default*        0x0000000000000000 0xffffffffffffffff

Linker script and memory map

                0x0000000000100000                physbase = 0x100000
                0x0000000000100000                . = physbase
                0x0000000000100000                . = ALIGN (0x1000)

.text           0x0000000000100000    0x15000
                0x0000000000100000                text = ABSOLUTE (.)
 *(.text .text.*)
 .text          0x0000000000100000      0x1a7 binaries/start.o
                0x0000000000100028                start
                0x00000000001000f5                inb
                0x00000000001000fd                inw
                0x0000000000100106                inl
                0x000000000010010e                outb
                0x0000000000100118                outw
                0x0000000000100123                outl
                0x000000000010012d                _rtcin
                0x0000000000100138                ___udivsi3
                0x0000000000100143                ___divsi3
                0x000000000010014f                sbzero
                0x000000000010015f                bcopy
                0x0000000000100173                insw
                0x0000000000100189                outsw
                0x000000000010019f                lidt
 .text          0x00000000001001a7       0xc1 binaries/app1.o
                0x00000000001001a7                app1
 .text          0x0000000000100268      0x2b9 binaries/ascdate.o
                0x0000000000100268                ascdate
 .text          0x0000000000100521       0x14 binaries/bufinit.o
                0x0000000000100521                bufinit
 .text          0x0000000000100535       0x62 binaries/chprio.o
                0x0000000000100535                chprio
 .text          0x0000000000100597       0x90 binaries/clkhandler.o
                0x0000000000100597                clkhandler
 .text          0x0000000000100627       0x67 binaries/clkinit.o
                0x0000000000100627                clkinit
 .text          0x000000000010068e       0x56 binaries/close.o
                0x000000000010068e                close
 .text          0x00000000001006e4        0x0 binaries/conf.o
 .text          0x00000000001006e4       0x5c binaries/control.o
                0x00000000001006e4                control
 .text          0x0000000000100740       0x3d binaries/cpuUsageTest1.o
                0x0000000000100740                cpuUsageTest1
 .text          0x000000000010077d       0x49 binaries/cpuUsageTest2.o
                0x000000000010077d                cpuUsageTest2
 .text          0x00000000001007c6       0x49 binaries/cpuUsageTest3.o
                0x00000000001007c6                cpuUsageTest3
 .text          0x000000000010080f       0x78 binaries/cpubnd.o
                0x000000000010080f                cpubnd
 .text          0x0000000000100887      0x23e binaries/create.o
                0x0000000000100887                create
 .text          0x0000000000100ac5      0x20e binaries/early_imr.o
                0x0000000000100ac5                intel_cln_early_sb_read_reg
                0x0000000000100b1c                intel_cln_early_sb_write_reg
                0x0000000000100bd6                remove_irm_protections
 .text          0x0000000000100cd3      0x2e2 binaries/evec.o
                0x0000000000100cd3                setirmask
                0x0000000000100d0b                set_evec
                0x0000000000100d66                initevec
                0x0000000000100e38                trap
 .text          0x0000000000100fb5       0x23 binaries/forever0.o
                0x0000000000100fb5                forever0
 .text          0x0000000000100fd8       0x7f binaries/freebuf.o
                0x0000000000100fd8                freebuf
 .text          0x0000000000101057      0x108 binaries/freemem.o
                0x0000000000101057                freemem
 .text          0x000000000010115f       0x44 binaries/func1.o
                0x000000000010115f                func1
 .text          0x00000000001011a3       0x6e binaries/getbuf.o
                0x00000000001011a3                getbuf
 .text          0x0000000000101211       0x56 binaries/getc.o
                0x0000000000101211                getc
 .text          0x0000000000101267       0x69 binaries/getdev.o
                0x0000000000101267                getdev
 .text          0x00000000001012d0       0x82 binaries/getitem.o
                0x00000000001012d0                getitem
                0x00000000001012ff                getfirst
                0x0000000000101326                getlast
 .text          0x0000000000101352       0xc2 binaries/getmem.o
                0x0000000000101352                getmem
 .text          0x0000000000101414        0xa binaries/getpid.o
                0x0000000000101414                getpid
 .text          0x000000000010141e       0x54 binaries/getprio.o
                0x000000000010141e                getprio
 .text          0x0000000000101472       0xac binaries/getstk.o
                0x0000000000101472                getstk
 .text          0x000000000010151e       0x32 binaries/gettime.o
                0x000000000010151e                gettime
 .text          0x0000000000101550      0x186 binaries/getutime.o
                0x0000000000101550                getutime
 .text          0x00000000001016d6       0x56 binaries/init.o
                0x00000000001016d6                init
 .text          0x000000000010172c      0x250 binaries/initialize.o
                0x000000000010172c                nulluser
                0x0000000000101932                stop
                0x0000000000101956                delay
 .text          0x000000000010197c       0xaf binaries/insert.o
                0x000000000010197c                insert
 .text          0x0000000000101a2b       0xe8 binaries/insertd.o
                0x0000000000101a2b                insertd
 .text          0x0000000000101b13       0x8a binaries/iobnd.o
                0x0000000000101b13                iobnd
 .text          0x0000000000101b9d        0xa binaries/ioerr.o
                0x0000000000101b9d                ioerr
 .text          0x0000000000101ba7        0xa binaries/ionull.o
                0x0000000000101ba7                ionull
 .text          0x0000000000101bb1      0x161 binaries/kill.o
                0x0000000000101bb1                kill
 .text          0x0000000000101d12       0xa9 binaries/kprintf.o
                0x0000000000101d12                kputc
                0x0000000000101d44                console_init
                0x0000000000101d77                kgetc
                0x0000000000101d9d                kprintf
 .text          0x0000000000101dbb       0x22 binaries/looper.o
                0x0000000000101dbb                looper
 .text          0x0000000000101ddd      0x124 binaries/main.o
                0x0000000000101ddd                main
 .text          0x0000000000101f01       0x99 binaries/mark.o
                0x0000000000101f01                markinit
                0x0000000000101f22                mark
 .text          0x0000000000101f9a      0x1ff binaries/meminit.o
                0x0000000000101f9a                meminit
                0x0000000000102129                setsegs
 .text          0x0000000000102199      0x122 binaries/mkbufpool.o
                0x0000000000102199                mkbufpool
 .text          0x00000000001022bb        0xc binaries/net2hostlasm.o
                0x00000000001022bb                net2hostlasm
 .text          0x00000000001022c7       0x63 binaries/newqueue.o
                0x00000000001022c7                newqueue
 .text          0x000000000010232a       0x5c binaries/open.o
                0x000000000010232a                open
 .text          0x0000000000102386       0x20 binaries/panic.o
                0x0000000000102386                panic
 .text          0x00000000001023a6      0x282 binaries/pci.o
                0x00000000001023a6                pci_init
                0x00000000001023b0                find_pci_device
                0x000000000010246f                pci_read_config_byte
                0x00000000001024ad                pci_read_config_word
                0x00000000001024ed                pci_read_config_dword
                0x000000000010252b                pci_write_config_byte
                0x0000000000102567                pci_write_config_word
                0x00000000001025a4                pci_write_config_dword
                0x00000000001025e0                pci_get_dev_mmio_base_addr
 .text          0x0000000000102628       0x50 binaries/platinit.o
                0x0000000000102628                platinit
 .text          0x0000000000102678      0x218 binaries/printsegaddr.o
                0x0000000000102678                printsegaddr
 .text          0x0000000000102890       0xa9 binaries/ptclear.o
                0x0000000000102890                _ptclear
 .text          0x0000000000102939       0x85 binaries/ptcount.o
                0x0000000000102939                ptcount
 .text          0x00000000001029be       0xfe binaries/ptcreate.o
                0x00000000001029be                ptcreate
 .text          0x0000000000102abc       0x63 binaries/ptdelete.o
                0x0000000000102abc                ptdelete
 .text          0x0000000000102b1f       0x91 binaries/ptinit.o
                0x0000000000102b1f                ptinit
 .text          0x0000000000102bb0       0xf5 binaries/ptrecv.o
                0x0000000000102bb0                ptrecv
 .text          0x0000000000102ca5       0x66 binaries/ptreset.o
                0x0000000000102ca5                ptreset
 .text          0x0000000000102d0b      0x115 binaries/ptsend.o
                0x0000000000102d0b                ptsend
 .text          0x0000000000102e20       0x64 binaries/putc.o
                0x0000000000102e20                putc
 .text          0x0000000000102e84       0xb3 binaries/quark_irq.o
                0x0000000000102e84                quark_irq_routing
 .text          0x0000000000102f37      0x19a binaries/quark_pdat.o
                0x0000000000102f37                get_quark_pdat_entry_data_by_id
                0x0000000000103001                get_quark_pdat_entry_data_by_desc
 .text          0x00000000001030d1       0xae binaries/queue.o
                0x00000000001030d1                enqueue
                0x0000000000103134                dequeue
 .text          0x000000000010317f      0x294 binaries/rcreate.o
                0x000000000010317f                rcreate
 .text          0x0000000000103413       0x5c binaries/read.o
                0x0000000000103413                read
 .text          0x000000000010346f       0x61 binaries/ready.o
                0x000000000010346f                ready
 .text          0x00000000001034d0       0x5a binaries/receive.o
                0x00000000001034d0                receive
 .text          0x000000000010352a       0x42 binaries/recvclr.o
                0x000000000010352a                recvclr
 .text          0x000000000010356c       0xad binaries/recvtime.o
                0x000000000010356c                recvtime
 .text          0x0000000000103619      0x149 binaries/resched.o
                0x0000000000103619                resched
                0x00000000001036f0                resched_cntl
 .text          0x0000000000103762       0x7e binaries/resume.o
                0x0000000000103762                resume
 .text          0x00000000001037e0       0x59 binaries/seek.o
                0x00000000001037e0                seek
 .text          0x0000000000103839       0x51 binaries/semcount.o
                0x0000000000103839                semcount
 .text          0x000000000010388a       0x93 binaries/semcreate.o
                0x000000000010388a                semcreate
 .text          0x000000000010391d       0xd1 binaries/semdelete.o
                0x000000000010391d                semdelete
 .text          0x00000000001039ee       0xa8 binaries/semreset.o
                0x00000000001039ee                semreset
 .text          0x0000000000103a96       0xb3 binaries/send.o
                0x0000000000103a96                send
 .text          0x0000000000103b49       0x95 binaries/signal.o
                0x0000000000103b49                signal
 .text          0x0000000000103bde       0xc2 binaries/signaln.o
                0x0000000000103bde                signaln
 .text          0x0000000000103ca0       0xbd binaries/sleep.o
                0x0000000000103ca0                sleepms
                0x0000000000103d27                sleep
 .text          0x0000000000103d5d       0x69 binaries/stacksmashA.o
                0x0000000000103d5d                stacksmashA
 .text          0x0000000000103dc6       0x3c binaries/stacksmashV.o
                0x0000000000103dc6                stacksmashV
 .text          0x0000000000103e02      0x17c binaries/stacktrace.o
                0x0000000000103e02                stacktrace
 .text          0x0000000000103f7e       0xac binaries/suspend.o
                0x0000000000103f7e                suspend
 .text          0x000000000010402a       0x24 binaries/takeover.o
                0x000000000010402a                takeover
 .text          0x000000000010404e       0x91 binaries/unsleep.o
                0x000000000010404e                unsleep
 .text          0x00000000001040df       0x19 binaries/userret.o
                0x00000000001040df                userret
 .text          0x00000000001040f8       0xac binaries/wait.o
                0x00000000001040f8                wait
 .text          0x00000000001041a4       0x71 binaries/wakeup.o
                0x00000000001041a4                wakeup
 .text          0x0000000000104215       0x5c binaries/write.o
                0x0000000000104215                write
 .text          0x0000000000104271       0x1a binaries/xdone.o
                0x0000000000104271                xdone
 .text          0x000000000010428b       0x26 binaries/yield.o
                0x000000000010428b                yield
 .text          0x00000000001042b1       0x11 binaries/abs.o
                0x00000000001042b1                abs
 .text          0x00000000001042c2       0x84 binaries/atoi.o
                0x00000000001042c2                atoi
 .text          0x0000000000104346       0x84 binaries/atol.o
                0x0000000000104346                atol
 .text          0x00000000001043ca       0x1a binaries/bzero.o
                0x00000000001043ca                bzero
 .text          0x00000000001043e4        0x0 binaries/ctype_.o
 .text          0x00000000001043e4      0x6bf binaries/doprnt.o
                0x0000000000104537                _doprnt
 .text          0x0000000000104aa3      0x5f2 binaries/doscan.o
                0x0000000000104aa3                _doscan
 .text          0x0000000000105095      0x64e binaries/fdoprnt.o
                0x000000000010511a                _fdoprnt
 .text          0x00000000001056e3       0x1c binaries/fgetc.o
                0x00000000001056e3                fgetc
 .text          0x00000000001056ff       0x61 binaries/fgets.o
                0x00000000001056ff                fgets
 .text          0x0000000000105760       0x21 binaries/fprintf.o
                0x0000000000105760                fprintf
 .text          0x0000000000105781       0x27 binaries/fputc.o
                0x0000000000105781                fputc
 .text          0x00000000001057a8       0x3a binaries/fputs.o
                0x00000000001057a8                fputs
 .text          0x00000000001057e2       0x6a binaries/fscanf.o
                0x0000000000105820                fscanf
 .text          0x000000000010584c       0x1d binaries/getchar.o
                0x000000000010584c                getchar
 .text          0x0000000000105869       0x11 binaries/labs.o
                0x0000000000105869                labs
 .text          0x000000000010587a       0x36 binaries/memchr.o
                0x000000000010587a                memchr
 .text          0x00000000001058b0       0x4a binaries/memcmp.o
                0x00000000001058b0                memcmp
 .text          0x00000000001058fa       0x26 binaries/memcpy.o
                0x00000000001058fa                memcpy
 .text          0x0000000000105920       0x1f binaries/memset.o
                0x0000000000105920                memset
 .text          0x000000000010593f       0x2e binaries/printf.o
                0x000000000010593f                printf
 .text          0x000000000010596d       0x20 binaries/putchar.o
                0x000000000010596d                putchar
 .text          0x000000000010598d      0x1cc binaries/qsort.o
                0x0000000000105b31                qsort
 .text          0x0000000000105b59       0x4c binaries/rand.o
                0x0000000000105b59                srand
                0x0000000000105b66                rand
 .text          0x0000000000105ba5       0x48 binaries/sprintf.o
                0x0000000000105bbe                sprintf
 .text          0x0000000000105bed       0x5a binaries/sscanf.o
                0x0000000000105c1d                sscanf
 .text          0x0000000000105c47       0x2f binaries/strchr.o
                0x0000000000105c47                strchr
 .text          0x0000000000105c76       0x45 binaries/strcmp.o
                0x0000000000105c76                strcmp
 .text          0x0000000000105cbb       0x1c binaries/strcpy.o
                0x0000000000105cbb                strcpy
 .text          0x0000000000105cd7       0x20 binaries/strlen.o
                0x0000000000105cd7                strlen
 .text          0x0000000000105cf7       0x3d binaries/strncat.o
                0x0000000000105cf7                strncat
 .text          0x0000000000105d34       0x3b binaries/strncmp.o
                0x0000000000105d34                strncmp
 .text          0x0000000000105d6f       0x59 binaries/strncpy.o
                0x0000000000105d6f                strncpy
 .text          0x0000000000105dc8       0x38 binaries/strnlen.o
                0x0000000000105dc8                strnlen
 .text          0x0000000000105e00       0x32 binaries/strrchr.o
                0x0000000000105e00                strrchr
 .text          0x0000000000105e32       0x68 binaries/strstr.o
                0x0000000000105e32                strstr
 .text          0x0000000000105e9a      0x112 binaries/ttycontrol.o
                0x0000000000105e9a                ttycontrol
 .text          0x0000000000105fac       0xb0 binaries/ttygetc.o
                0x0000000000105fac                ttygetc
 .text          0x000000000010605c      0x4a3 binaries/ttyhandle_in.o
                0x0000000000106120                ttyhandle_in
 .text          0x00000000001064ff      0x178 binaries/ttyhandle_out.o
                0x00000000001064ff                ttyhandle_out
 .text          0x0000000000106677       0x85 binaries/ttyhandler.o
                0x0000000000106677                ttyhandler
 .text          0x00000000001066fc      0x15d binaries/ttyinit.o
                0x00000000001066fc                ttyinit
 .text          0x0000000000106859        0xf binaries/ttykickout.o
                0x0000000000106859                ttykickout
 .text          0x0000000000106868       0xb2 binaries/ttyputc.o
                0x0000000000106868                ttyputc
 .text          0x000000000010691a       0xff binaries/ttyread.o
                0x000000000010691a                ttyread
 .text          0x0000000000106a19       0x4d binaries/ttywrite.o
                0x0000000000106a19                ttywrite
 .text          0x0000000000106a66      0x129 binaries/mount.o
                0x0000000000106a66                namlen
                0x0000000000106aa2                mount
 .text          0x0000000000106b8f      0x1c4 binaries/naminit.o
                0x0000000000106b8f                naminit
 .text          0x0000000000106d53      0x1fe binaries/nammap.o
                0x0000000000106d53                namrepl
                0x0000000000106e76                namcpy
                0x0000000000106ec4                nammap
 .text          0x0000000000106f51       0x44 binaries/namopen.o
                0x0000000000106f51                namopen
 .text          0x0000000000106f95       0xd4 binaries/colon2mac.o
                0x0000000000106f95                colon2mac
 .text          0x0000000000107069       0x7d binaries/ethcontrol.o
                0x0000000000107069                ethcontrol
 .text          0x00000000001070e6      0x17e binaries/ethhandler.o
                0x00000000001070e6                ethhandler
 .text          0x0000000000107264      0x548 binaries/ethinit.o
                0x0000000000107264                eth_phy_read
                0x00000000001072a4                eth_phy_write
                0x00000000001072e5                eth_phy_reset
                0x00000000001073bf                ethinit
 .text          0x00000000001077ac      0x107 binaries/ethmcast.o
                0x00000000001077ac                ethmcast_add
                0x00000000001077f8                ethmcast_remove
 .text          0x00000000001078b3      0x172 binaries/ethread.o
                0x00000000001078b3                ethread
 .text          0x0000000000107a25       0xc1 binaries/ethwrite.o
                0x0000000000107a25                ethwrite
 .text          0x0000000000107ae6       0x68 binaries/rdsbufalloc.o
                0x0000000000107ae6                rdsbufalloc
 .text          0x0000000000107b4e       0xd6 binaries/rdsclose.o
                0x0000000000107b4e                rdsclose
 .text          0x0000000000107c24      0x1df binaries/rdscomm.o
                0x0000000000107c24                rdscomm
 .text          0x0000000000107e03      0x1c4 binaries/rdscontrol.o
                0x0000000000107e03                rdscontrol
 .text          0x0000000000107fc7      0x1f8 binaries/rdsinit.o
                0x0000000000107fc7                rdsinit
 .text          0x00000000001081bf      0x199 binaries/rdsopen.o
                0x00000000001081bf                rdsopen
 .text          0x0000000000108358      0x2c5 binaries/rdsprocess.o
                0x0000000000108358                rdsprocess
 .text          0x000000000010861d      0x1d8 binaries/rdsread.o
                0x000000000010861d                rdsread
 .text          0x00000000001087f5      0x1ae binaries/rdswrite.o
                0x00000000001087f5                rdswrite
 .text          0x00000000001089a3        0xa binaries/ramclose.o
                0x00000000001089a3                ramclose
 .text          0x00000000001089ad       0x35 binaries/raminit.o
                0x00000000001089ad                raminit
 .text          0x00000000001089e2        0xa binaries/ramopen.o
                0x00000000001089e2                ramopen
 .text          0x00000000001089ec       0x26 binaries/ramread.o
                0x00000000001089ec                ramread
 .text          0x0000000000108a12       0x26 binaries/ramwrite.o
                0x0000000000108a12                ramwrite
 .text          0x0000000000108a38       0x87 binaries/lfdballoc.o
                0x0000000000108a38                lfdballoc
 .text          0x0000000000108abf       0x49 binaries/lfdbfree.o
                0x0000000000108abf                lfdbfree
 .text          0x0000000000108b08       0xa1 binaries/lfflush.o
                0x0000000000108b08                lfflush
 .text          0x0000000000108ba9       0x82 binaries/lfgetmode.o
                0x0000000000108ba9                lfgetmode
 .text          0x0000000000108c2b       0x60 binaries/lfiballoc.o
                0x0000000000108c2b                lfiballoc
 .text          0x0000000000108c8b       0x27 binaries/lfibclear.o
                0x0000000000108c8b                lfibclear
 .text          0x0000000000108cb2       0x6c binaries/lfibget.o
                0x0000000000108cb2                lfibget
 .text          0x0000000000108d1e       0x88 binaries/lfibput.o
                0x0000000000108d1e                lfibput
 .text          0x0000000000108da6       0xa4 binaries/lflclose.o
                0x0000000000108da6                lflclose
 .text          0x0000000000108e4a       0xc2 binaries/lflcontrol.o
                0x0000000000108e4a                lflcontrol
 .text          0x0000000000108f0c       0xfd binaries/lflgetc.o
                0x0000000000108f0c                lflgetc
 .text          0x0000000000109009       0xe7 binaries/lflinit.o
                0x0000000000109009                lflinit
 .text          0x00000000001090f0      0x12f binaries/lflputc.o
                0x00000000001090f0                lflputc
 .text          0x000000000010921f       0x6b binaries/lflread.o
                0x000000000010921f                lflread
 .text          0x000000000010928a       0xbd binaries/lflseek.o
                0x000000000010928a                lflseek
 .text          0x0000000000109347       0x52 binaries/lflwrite.o
                0x0000000000109347                lflwrite
 .text          0x0000000000109399      0x114 binaries/lfsckfmt.o
                0x0000000000109399                lfsckfmt
 .text          0x00000000001094ad      0x1e6 binaries/lfscreate.o
                0x00000000001094ad                lfscreate
 .text          0x0000000000109693      0x1b1 binaries/lfsetup.o
                0x0000000000109693                lfsetup
 .text          0x0000000000109844       0x45 binaries/lfsinit.o
                0x0000000000109844                lfsinit
 .text          0x0000000000109889      0x302 binaries/lfsopen.o
                0x0000000000109889                lfsopen
 .text          0x0000000000109b8b      0x112 binaries/lftruncate.o
                0x0000000000109b8b                lftruncate
 .text          0x0000000000109c9d       0x69 binaries/rflclose.o
                0x0000000000109c9d                rflclose
 .text          0x0000000000109d06       0x29 binaries/rflgetc.o
                0x0000000000109d06                rflgetc
 .text          0x0000000000109d2f       0x6c binaries/rflinit.o
                0x0000000000109d2f                rflinit
 .text          0x0000000000109d9b       0x29 binaries/rflputc.o
                0x0000000000109d9b                rflputc
 .text          0x0000000000109dc4      0x2b6 binaries/rflread.o
                0x0000000000109dc4                rflread
 .text          0x000000000010a07a       0x68 binaries/rflseek.o
                0x000000000010a07a                rflseek
 .text          0x000000000010a0e2      0x2fa binaries/rflwrite.o
                0x000000000010a0e2                rflwrite
 .text          0x000000000010a3dc      0x17d binaries/rfscomm.o
                0x000000000010a3dc                rfscomm
 .text          0x000000000010a559      0x22b binaries/rfscontrol.o
                0x000000000010a559                rfscontrol
 .text          0x000000000010a784       0x82 binaries/rfsgetmode.o
                0x000000000010a784                rfsgetmode
 .text          0x000000000010a806       0x7e binaries/rfsinit.o
                0x000000000010a806                rfsinit
 .text          0x000000000010a884       0xad binaries/rfsndmsg.o
                0x000000000010a884                rfsndmsg
 .text          0x000000000010a931      0x243 binaries/rfsopen.o
                0x000000000010a931                rfsopen
 .text          0x000000000010ab74      0x626 binaries/arp.o
                0x000000000010ab74                arp_init
                0x000000000010ab90                arp_alloc
                0x000000000010ac37                arp_ntoh
                0x000000000010aca4                arp_hton
                0x000000000010ad11                arp_resolve
                0x000000000010af62                arp_in
 .text          0x000000000010b19a      0x5ed binaries/dhcp.o
                0x000000000010b19a                dhcp_get_opt_val
                0x000000000010b1ee                dhcp_bld_bootp_msg
                0x000000000010b2c0                dhcp_bld_disc
                0x000000000010b312                dhcp_bld_req
                0x000000000010b3ad                getlocalip
 .text          0x000000000010b787       0xda binaries/dot2ip.o
                0x000000000010b787                dot2ip
 .text          0x000000000010b861      0x38c binaries/hexdump.o
                0x000000000010b861                hexdump
                0x000000000010b9bb                hexadump
 .text          0x000000000010bbed      0x6f6 binaries/icmp.o
                0x000000000010bbed                icmp_init
                0x000000000010bc09                icmp_register
                0x000000000010bcc7                icmp_recv
                0x000000000010be6a                icmp_mkpkt
                0x000000000010bf37                icmp_in
                0x000000000010c0d1                icmp_send
                0x000000000010c140                icmp_release
                0x000000000010c25b                icmp_cksum
                0x000000000010c2b5                icmp_hton
                0x000000000010c2cc                icmp_ntoh
 .text          0x000000000010c2e3      0x5e2 binaries/ip.o
                0x000000000010c2e3                ip_local
                0x000000000010c323                ipcksum
                0x000000000010c379                ip_ntoh
                0x000000000010c3e6                ip_in
                0x000000000010c50b                ip_hton
                0x000000000010c578                ip_out
                0x000000000010c62e                ip_send
                0x000000000010c739                ipout
                0x000000000010c82c                ip_enqueue
 .text          0x000000000010c8c5      0x1b2 binaries/net.o
                0x000000000010c8c5                net_init
                0x000000000010c9bc                eth_hton
                0x000000000010c9c9                eth_ntoh
                0x000000000010c9d6                netin
 .text          0x000000000010ca77       0xb9 binaries/netstart.o
                0x000000000010ca77                netstart
 .text          0x000000000010cb30      0xa30 binaries/pdump.o
                0x000000000010cb30                pdump
                0x000000000010d115                pdumph
 .text          0x000000000010d560      0x5b8 binaries/tftp.o
                0x000000000010d560                tftp_send1
                0x000000000010d674                tftpget_mb
                0x000000000010daf5                tftpget
 .text          0x000000000010db18      0xa17 binaries/udp.o
                0x000000000010db18                udp_init
                0x000000000010db59                udp_in
                0x000000000010dc82                udp_register
                0x000000000010dd93                udp_recv
                0x000000000010df2c                udp_recvaddr
                0x000000000010e0d9                udp_send
                0x000000000010e287                udp_sendto
                0x000000000010e3f0                udp_release
                0x000000000010e501                udp_ntoh
                0x000000000010e518                udp_hton
 .text          0x000000000010e52f      0x10e binaries/addargs.o
                0x000000000010e52f                addargs
 .text          0x000000000010e63d      0x1db binaries/lexan.o
                0x000000000010e63d                lexan
 .text          0x000000000010e818      0x644 binaries/shell.o
                0x000000000010e818                shell
 .text          0x000000000010ee5c       0x59 binaries/xsh_argecho.o
                0x000000000010ee5c                xsh_argecho
 .text          0x000000000010eeb5      0x1fb binaries/xsh_arp.o
                0x000000000010eeb5                xsh_arp
 .text          0x000000000010f0b0      0x1db binaries/xsh_cat.o
                0x000000000010f0b0                xsh_cat
 .text          0x000000000010f28b       0x4f binaries/xsh_clear.o
                0x000000000010f28b                xsh_clear
 .text          0x000000000010f2da      0x278 binaries/xsh_date.o
                0x000000000010f2da                xsh_date
 .text          0x000000000010f552       0x80 binaries/xsh_devdump.o
                0x000000000010f552                xsh_devdump
 .text          0x000000000010f5d2       0x63 binaries/xsh_echo.o
                0x000000000010f5d2                xsh_echo
 .text          0x000000000010f635        0xa binaries/xsh_exit.o
                0x000000000010f635                xsh_exit
 .text          0x000000000010f63f      0x323 binaries/xsh_help.o
                0x000000000010f63f                xsh_help
 .text          0x000000000010f962      0x367 binaries/xsh_ipaddr.o
                0x000000000010f962                xsh_ipaddr
 .text          0x000000000010fcc9      0x1aa binaries/xsh_kill.o
                0x000000000010fcc9                xsh_kill
 .text          0x000000000010fe73      0x3bd binaries/xsh_memdump.o
                0x000000000010ff39                xsh_memdump
 .text          0x0000000000110230      0x1cc binaries/xsh_memstat.o
                0x0000000000110230                xsh_memstat
 .text          0x00000000001103fc       0x35 binaries/xsh_pcount.o
                0x00000000001103fc                xsh_pcount
 .text          0x0000000000110431      0x27f binaries/xsh_ping.o
                0x0000000000110431                xsh_ping
 .text          0x00000000001106b0      0x19c binaries/xsh_ps.o
                0x00000000001106b0                xsh_ps
 .text          0x000000000011084c      0x1a3 binaries/xsh_sleep.o
                0x000000000011084c                xsh_sleep
 .text          0x00000000001109ef      0x1c3 binaries/xsh_udpdump.o
                0x00000000001109ef                xsh_udpdump
 .text          0x0000000000110bb2      0x3ad binaries/xsh_udpecho.o
                0x0000000000110bb2                xsh_udpecho
 .text          0x0000000000110f5f      0x1fc binaries/xsh_udpeserver.o
                0x0000000000110f5f                xsh_udpeserver
 .text          0x000000000011115b      0x1b0 binaries/xsh_uptime.o
                0x000000000011115b                xsh_uptime
 .text          0x000000000011130b        0xe binaries/clkdisp.o
                0x000000000011130b                clkdisp
 .text          0x0000000000111319       0x19 binaries/ctxsw.o
                0x0000000000111319                ctxsw
 .text          0x0000000000111332      0x36b binaries/intr.o
                0x0000000000111332                disable
                0x000000000011133b                restore
                0x0000000000111349                enable
                0x000000000011134b                pause
                0x0000000000111352                halt
                0x0000000000111358                spurious_irq7
                0x000000000011135d                spurious_irq15
                0x000000000011136c                _Xint0
                0x0000000000111377                _Xint1
                0x0000000000111382                _Xint2
                0x000000000011138d                _Xint3
                0x0000000000111398                _Xint4
                0x00000000001113a3                _Xint5
                0x00000000001113ae                _Xint6
                0x00000000001113b9                _Xint7
                0x00000000001113c4                _Xint8
                0x00000000001113cf                _Xint9
                0x00000000001113da                _Xint10
                0x00000000001113e5                _Xint11
                0x00000000001113f3                _Xint12
                0x0000000000111401                _Xint13
                0x000000000011140f                _Xint14
                0x000000000011141d                _Xint15
                0x000000000011142b                _Xint16
                0x0000000000111439                _Xint17
                0x0000000000111447                _Xint18
                0x0000000000111455                _Xint19
                0x0000000000111463                _Xint20
                0x0000000000111471                _Xint21
                0x000000000011147f                _Xint22
                0x000000000011148d                _Xint23
                0x000000000011149b                _Xint24
                0x00000000001114a9                _Xint25
                0x00000000001114b7                _Xint26
                0x00000000001114c5                _Xint27
                0x00000000001114d3                _Xint28
                0x00000000001114e1                _Xint29
                0x00000000001114ef                _Xint30
                0x00000000001114fd                _Xint31
                0x000000000011150b                _Xint32
                0x0000000000111519                _Xint33
                0x0000000000111527                _Xint34
                0x0000000000111535                _Xint35
                0x0000000000111543                _Xint36
                0x0000000000111551                _Xint37
                0x000000000011155f                _Xint38
                0x000000000011156d                _Xint39
                0x000000000011157b                _Xint40
                0x0000000000111589                _Xint41
                0x0000000000111597                _Xint42
                0x00000000001115a5                _Xint43
                0x00000000001115b3                _Xint44
                0x00000000001115c1                _Xint45
                0x00000000001115cf                _Xint46
                0x00000000001115dd                defevec
 .text          0x000000000011169d        0xa binaries/net2hostl.o
                0x000000000011169d                net2hostl
 .text          0x00000000001116a7       0x1b binaries/net2hostlgcc.o
                0x00000000001116b1                net2hostlgcc
 .text          0x00000000001116c2        0xf binaries/ttydispatch.o
                0x00000000001116c2                ttydispatch
 .text          0x00000000001116d1       0x13 binaries/ethdispatch.o
                0x00000000001116d1                ethdispatch
 *(.rodata .rodata.*)
 .rodata.str1.4
                0x00000000001116e4      0x123 binaries/app1.o
 .rodata.str1.1
                0x0000000000111807       0x1a binaries/app1.o
 .rodata.str1.1
                0x0000000000111821       0x54 binaries/ascdate.o
 *fill*         0x0000000000111875        0x3 
 .rodata.str1.4
                0x0000000000111878       0x22 binaries/ascdate.o
 .rodata.str1.1
                0x000000000011189a       0x5f binaries/conf.o
 .rodata.str1.1
                0x00000000001118f9       0x13 binaries/cpuUsageTest1.o
 .rodata.str1.1
                0x000000000011190c       0x13 binaries/cpuUsageTest2.o
 .rodata.str1.1
                0x000000000011190c       0x13 binaries/cpuUsageTest3.o
 .rodata.str1.4
                0x000000000011190c       0x47 binaries/cpubnd.o
 .rodata.str1.1
                0x0000000000111953       0x18 binaries/cpubnd.o
 *fill*         0x000000000011196b        0x1 
 .rodata.str1.4
                0x000000000011196c       0x4f binaries/early_imr.o
 *fill*         0x00000000001119bb        0x1 
 .rodata        0x00000000001119bc       0x33 binaries/early_imr.o
 .rodata.str1.1
                0x00000000001119ef      0x20c binaries/evec.o
 *fill*         0x0000000000111bfb        0x1 
 .rodata.str1.4
                0x0000000000111bfc       0x23 binaries/evec.o
 *fill*         0x0000000000111c1f        0x1 
 .rodata.str1.4
                0x0000000000111c20       0x38 binaries/func1.o
                                         0x9f (size before relaxing)
 .rodata.str1.1
                0x0000000000111c58        0xb binaries/getutime.o
 *fill*         0x0000000000111c63        0x1 
 .rodata.str1.4
                0x0000000000111c64       0x54 binaries/getutime.o
 .rodata.str1.1
                0x0000000000111cb8       0x63 binaries/initialize.o
                                         0x67 (size before relaxing)
 *fill*         0x0000000000111d1b        0x1 
 .rodata.str1.4
                0x0000000000111d1c       0xd4 binaries/initialize.o
 .rodata.str1.4
                0x0000000000111df0       0x47 binaries/iobnd.o
 .rodata.str1.1
                0x0000000000111df0       0x18 binaries/iobnd.o
 .rodata        0x0000000000111df0       0x20 binaries/kill.o
 .rodata.str1.1
                0x0000000000111e10        0x8 binaries/looper.o
 .rodata.str1.1
                0x0000000000111e18       0x43 binaries/main.o
 *fill*         0x0000000000111e5b        0x1 
 .rodata.str1.4
                0x0000000000111e5c      0x202 binaries/main.o
 *fill*         0x000000000011205e        0x2 
 .rodata.str1.4
                0x0000000000112060       0x23 binaries/meminit.o
 .rodata.str1.1
                0x0000000000112083       0x1b binaries/meminit.o
 .rodata.str1.1
                0x000000000011209e        0xf binaries/panic.o
 *fill*         0x00000000001120ad        0x3 
 .rodata.str1.4
                0x00000000001120b0      0x22f binaries/printsegaddr.o
 .rodata.str1.1
                0x00000000001122df       0x1c binaries/ptinit.o
 *fill*         0x00000000001122fb        0x1 
 .rodata.str1.4
                0x00000000001122fc       0x25 binaries/ptsend.o
 .rodata.str1.1
                0x0000000000112321       0x22 binaries/quark_pdat.o
 *fill*         0x0000000000112343        0x1 
 .rodata.str1.4
                0x0000000000112344       0xdb binaries/stacksmashA.o
 *fill*         0x000000000011241f        0x1 
 .rodata.str1.4
                0x0000000000112420       0x39 binaries/stacksmashV.o
 *fill*         0x0000000000112459        0x3 
 .rodata.str1.4
                0x000000000011245c       0x63 binaries/stacktrace.o
 .rodata.str1.1
                0x00000000001124bf       0x52 binaries/stacktrace.o
 .rodata.str1.1
                0x0000000000112511       0x14 binaries/takeover.o
 *fill*         0x0000000000112525        0x3 
 .rodata.str1.4
                0x0000000000112528       0x27 binaries/xdone.o
 *fill*         0x000000000011254f       0x11 
 .rodata        0x0000000000112560       0x81 binaries/ctype_.o
                0x0000000000112560                _ctype_
 .rodata.str1.1
                0x00000000001125e1       0x29 binaries/doprnt.o
 *fill*         0x000000000011260a        0x2 
 .rodata        0x000000000011260c       0xc4 binaries/doprnt.o
 .rodata        0x00000000001126d0       0x98 binaries/doscan.o
 .rodata.str1.1
                0x0000000000112768       0x29 binaries/fdoprnt.o
 .rodata        0x0000000000112768       0x84 binaries/fdoprnt.o
 .rodata        0x00000000001127ec       0x20 binaries/ttycontrol.o
 .rodata.str1.4
                0x000000000011280c       0x4c binaries/naminit.o
 .rodata.str1.1
                0x0000000000112858       0x32 binaries/naminit.o
                                         0x35 (size before relaxing)
 .rodata.str1.1
                0x000000000011288a       0x15 binaries/ethinit.o
 *fill*         0x000000000011289f        0x1 
 .rodata.str1.4
                0x00000000001128a0       0x2e binaries/ethinit.o
 *fill*         0x00000000001128ce        0x2 
 .rodata.str1.4
                0x00000000001128d0       0x2c binaries/rdsbufalloc.o
 .rodata.str1.4
                0x00000000001128fc       0x76 binaries/rdscomm.o
 *fill*         0x0000000000112972        0x2 
 .rodata.str1.4
                0x0000000000112974       0x48 binaries/rdscontrol.o
 .rodata.str1.4
                0x00000000001129bc       0x7e binaries/rdsinit.o
 .rodata.str1.1
                0x0000000000112a3a       0x18 binaries/rdsinit.o
 *fill*         0x0000000000112a52        0x2 
 .rodata.str1.4
                0x0000000000112a54       0x22 binaries/rdsopen.o
 *fill*         0x0000000000112a76        0x2 
 .rodata.str1.4
                0x0000000000112a78       0x4d binaries/rdsprocess.o
 .rodata.str1.1
                0x0000000000112ac5        0x9 binaries/raminit.o
 .rodata.str1.1
                0x0000000000112ace       0x13 binaries/lfdballoc.o
 *fill*         0x0000000000112ae1        0x3 
 .rodata.str1.4
                0x0000000000112ae4       0x23 binaries/lfdballoc.o
 .rodata.str1.1
                0x0000000000112b07       0x14 binaries/lfiballoc.o
 *fill*         0x0000000000112b1b        0x1 
 .rodata.str1.4
                0x0000000000112b1c       0x23 binaries/lflcontrol.o
 .rodata.str1.1
                0x0000000000112b3f       0x64 binaries/lfsckfmt.o
 *fill*         0x0000000000112ba3        0x1 
 .rodata.str1.4
                0x0000000000112ba4       0x51 binaries/lfsckfmt.o
 *fill*         0x0000000000112bf5        0x3 
 .rodata.str1.4
                0x0000000000112bf8       0x21 binaries/rflread.o
 .rodata.str1.4
                0x0000000000112c19       0x21 binaries/rflwrite.o
 *fill*         0x0000000000112c19        0x3 
 .rodata.str1.4
                0x0000000000112c1c       0x75 binaries/rfscomm.o
 *fill*         0x0000000000112c91        0x3 
 .rodata.str1.4
                0x0000000000112c94       0x23 binaries/rfscontrol.o
 *fill*         0x0000000000112cb7        0x1 
 .rodata        0x0000000000112cb8       0x18 binaries/rfscontrol.o
 .rodata.str1.1
                0x0000000000112cd0       0x10 binaries/rfsinit.o
 .rodata.str1.4
                0x0000000000112cd0       0x57 binaries/rfsinit.o
 *fill*         0x0000000000112d27        0x1 
 .rodata.str1.4
                0x0000000000112d28       0x2a binaries/rfsndmsg.o
 .rodata.str1.4
                0x0000000000112d52       0x22 binaries/rfsopen.o
 .rodata.str1.1
                0x0000000000112d52       0x19 binaries/arp.o
 *fill*         0x0000000000112d6b        0x1 
 .rodata.str1.4
                0x0000000000112d6c       0x21 binaries/arp.o
 *fill*         0x0000000000112d8d        0x3 
 .rodata.str1.4
                0x0000000000112d90       0xa6 binaries/dhcp.o
 .rodata.str1.1
                0x0000000000112e36       0x4a binaries/dhcp.o
 .rodata.str1.1
                0x0000000000112e80       0x5a binaries/hexdump.o
                                         0x61 (size before relaxing)
 *fill*         0x0000000000112eda        0x2 
 .rodata.str1.4
                0x0000000000112edc       0x67 binaries/hexdump.o
 *fill*         0x0000000000112f43        0x1 
 .rodata.str1.4
                0x0000000000112f44       0x29 binaries/icmp.o
 .rodata.str1.1
                0x0000000000112f6d       0x4e binaries/ip.o
 *fill*         0x0000000000112fbb        0x1 
 .rodata.str1.4
                0x0000000000112fbc       0x20 binaries/ip.o
 .rodata.str1.4
                0x0000000000112fdc       0x28 binaries/net.o
 .rodata.str1.1
                0x0000000000113004       0x27 binaries/net.o
 *fill*         0x000000000011302b        0x1 
 .rodata.str1.4
                0x000000000011302c       0xcf binaries/netstart.o
 .rodata.str1.1
                0x00000000001130fb      0x141 binaries/pdump.o
                                        0x14b (size before relaxing)
 .rodata.str1.4
                0x000000000011323c      0x126 binaries/pdump.o
 *fill*         0x0000000000113362        0x2 
 .rodata.str1.4
                0x0000000000113364      0x148 binaries/tftp.o
 .rodata.str1.1
                0x00000000001134ac        0x6 binaries/tftp.o
                                          0xa (size before relaxing)
 .rodata.str1.1
                0x00000000001134b2       0xea binaries/shell.o
                                        0x106 (size before relaxing)
 .rodata.str1.4
                0x000000000011359c      0x1c4 binaries/shell.o
 .rodata        0x0000000000113760      0x108 binaries/shell.o
                0x0000000000113760                cmdtab
 .rodata.str1.1
                0x0000000000113868       0x26 binaries/xsh_argecho.o
                                         0x28 (size before relaxing)
 .rodata.str1.1
                0x000000000011388e       0x70 binaries/xsh_arp.o
                                         0x72 (size before relaxing)
 *fill*         0x00000000001138fe        0x2 
 .rodata.str1.4
                0x0000000000113900       0xb4 binaries/xsh_arp.o
 .rodata.str1.1
                0x00000000001139b4       0x2d binaries/xsh_cat.o
                                         0x4f (size before relaxing)
 *fill*         0x00000000001139e1        0x3 
 .rodata.str1.4
                0x00000000001139e4       0x52 binaries/xsh_cat.o
                                         0x79 (size before relaxing)
 .rodata.str1.1
                0x0000000000113a36       0x15 binaries/xsh_clear.o
 .rodata.str1.1
                0x0000000000113a4b       0x46 binaries/xsh_date.o
                                         0x5f (size before relaxing)
 *fill*         0x0000000000113a91        0x3 
 .rodata.str1.4
                0x0000000000113a94      0x163 binaries/xsh_date.o
 .rodata.str1.1
                0x0000000000113bf7       0x5d binaries/xsh_devdump.o
 .rodata.str1.1
                0x0000000000113c54        0x4 binaries/xsh_echo.o
                                          0x9 (size before relaxing)
 .rodata.str1.1
                0x0000000000113c58       0x65 binaries/xsh_help.o
                                         0xa3 (size before relaxing)
 *fill*         0x0000000000113cbd        0x3 
 .rodata.str1.4
                0x0000000000113cc0       0x7c binaries/xsh_help.o
                                         0xc6 (size before relaxing)
 .rodata.str1.1
                0x0000000000113d3c       0x9c binaries/xsh_ipaddr.o
                                         0xf8 (size before relaxing)
 .rodata.str1.4
                0x0000000000113dd8       0x4d binaries/xsh_ipaddr.o
                                         0x99 (size before relaxing)
 .rodata.str1.1
                0x0000000000113e25       0x78 binaries/xsh_kill.o
                                         0x97 (size before relaxing)
 *fill*         0x0000000000113e9d        0x3 
 .rodata.str1.4
                0x0000000000113ea0       0x4a binaries/xsh_kill.o
                                         0x96 (size before relaxing)
 .rodata.str1.1
                0x0000000000113eea       0x84 binaries/xsh_memdump.o
                                         0xa8 (size before relaxing)
 *fill*         0x0000000000113f6e        0x2 
 .rodata.str1.4
                0x0000000000113f70      0x15a binaries/xsh_memdump.o
                                        0x1aa (size before relaxing)
 .rodata.str1.1
                0x00000000001140ca       0x40 binaries/xsh_memstat.o
                                         0x79 (size before relaxing)
 *fill*         0x000000000011410a        0x2 
 .rodata.str1.4
                0x000000000011410c      0x187 binaries/xsh_memstat.o
                                        0x1af (size before relaxing)
 .rodata.str1.1
                0x0000000000114293       0x1d binaries/xsh_pcount.o
 .rodata.str1.1
                0x00000000001142b0       0x90 binaries/xsh_ping.o
                                         0xaf (size before relaxing)
 .rodata.str1.4
                0x0000000000114340       0x77 binaries/xsh_ping.o
                                         0xc6 (size before relaxing)
 .rodata.str1.1
                0x00000000001143b7       0x74 binaries/xsh_ps.o
                                         0xd5 (size before relaxing)
 *fill*         0x000000000011442b        0x1 
 .rodata.str1.4
                0x000000000011442c       0x80 binaries/xsh_ps.o
                                         0xd0 (size before relaxing)
 *fill*         0x00000000001144ac       0x14 
 .rodata        0x00000000001144c0       0x20 binaries/xsh_ps.o
 .rodata.str1.1
                0x00000000001144e0       0x31 binaries/xsh_sleep.o
                                         0x72 (size before relaxing)
 *fill*         0x0000000000114511        0x3 
 .rodata.str1.4
                0x0000000000114514       0x2a binaries/xsh_sleep.o
                                         0x7a (size before relaxing)
 .rodata.str1.1
                0x000000000011453e       0x6b binaries/xsh_udpdump.o
                                         0xd2 (size before relaxing)
 *fill*         0x00000000001145a9        0x3 
 .rodata.str1.4
                0x00000000001145ac       0x94 binaries/xsh_udpdump.o
                                         0xe4 (size before relaxing)
 .rodata.str1.1
                0x0000000000114640       0xdb binaries/xsh_udpecho.o
                                         0xfa (size before relaxing)
 *fill*         0x000000000011471b        0x1 
 .rodata.str1.4
                0x000000000011471c       0xc7 binaries/xsh_udpecho.o
                                        0x116 (size before relaxing)
 .rodata.str1.1
                0x00000000001147e3       0x66 binaries/xsh_udpeserver.o
                                         0x8f (size before relaxing)
 *fill*         0x0000000000114849        0x3 
 .rodata.str1.4
                0x000000000011484c       0x29 binaries/xsh_udpeserver.o
                                         0x9f (size before relaxing)
 .rodata.str1.1
                0x0000000000114875       0x49 binaries/xsh_uptime.o
                                         0x8c (size before relaxing)
 *fill*         0x00000000001148be        0x2 
 .rodata.str1.4
                0x00000000001148c0       0x28 binaries/xsh_uptime.o
                                         0x76 (size before relaxing)
                0x00000000001148e8                etext = ABSOLUTE (.)
                0x0000000000115000                . = ALIGN (0x1000)
 *fill*         0x00000000001148e8      0x718 

.eh_frame       0x0000000000115000     0x31e0
 .eh_frame      0x0000000000115000       0x44 binaries/app1.o
 .eh_frame      0x0000000000115044       0x30 binaries/ascdate.o
                                         0x48 (size before relaxing)
 .eh_frame      0x0000000000115074       0x20 binaries/bufinit.o
                                         0x38 (size before relaxing)
 .eh_frame      0x0000000000115094       0x2c binaries/chprio.o
                                         0x44 (size before relaxing)
 .eh_frame      0x00000000001150c0       0x20 binaries/clkhandler.o
                                         0x38 (size before relaxing)
 .eh_frame      0x00000000001150e0       0x20 binaries/clkinit.o
                                         0x38 (size before relaxing)
 .eh_frame      0x0000000000115100       0x28 binaries/close.o
                                         0x40 (size before relaxing)
 .eh_frame      0x0000000000115128       0x28 binaries/control.o
                                         0x40 (size before relaxing)
 .eh_frame      0x0000000000115150       0x1c binaries/cpuUsageTest1.o
                                         0x34 (size before relaxing)
 .eh_frame      0x000000000011516c       0x1c binaries/cpuUsageTest2.o
                                         0x34 (size before relaxing)
 .eh_frame      0x0000000000115188       0x1c binaries/cpuUsageTest3.o
                                         0x34 (size before relaxing)
 .eh_frame      0x00000000001151a4       0x2c binaries/cpubnd.o
                                         0x44 (size before relaxing)
 .eh_frame      0x00000000001151d0       0x30 binaries/create.o
                                         0x48 (size before relaxing)
 .eh_frame      0x0000000000115200       0x94 binaries/early_imr.o
                                         0xac (size before relaxing)
 .eh_frame      0x0000000000115294       0x94 binaries/evec.o
                                         0xac (size before relaxing)
 .eh_frame      0x0000000000115328       0x1c binaries/forever0.o
                                         0x34 (size before relaxing)
 .eh_frame      0x0000000000115344       0x2c binaries/freebuf.o
                                         0x44 (size before relaxing)
 .eh_frame      0x0000000000115370       0x2c binaries/freemem.o
                                         0x44 (size before relaxing)
 .eh_frame      0x000000000011539c       0x2c binaries/func1.o
                                         0x44 (size before relaxing)
 .eh_frame      0x00000000001153c8       0x2c binaries/getbuf.o
                                         0x44 (size before relaxing)
 .eh_frame      0x00000000001153f4       0x28 binaries/getc.o
                                         0x40 (size before relaxing)
 .eh_frame      0x000000000011541c       0x2c binaries/getdev.o
                                         0x44 (size before relaxing)
 .eh_frame      0x0000000000115448       0x64 binaries/getitem.o
                                         0x7c (size before relaxing)
 .eh_frame      0x00000000001154ac       0x28 binaries/getmem.o
                                         0x40 (size before relaxing)
 .eh_frame      0x00000000001154d4       0x20 binaries/getpid.o
                                         0x38 (size before relaxing)
 .eh_frame      0x00000000001154f4       0x24 binaries/getprio.o
                                         0x3c (size before relaxing)
 .eh_frame      0x0000000000115518       0x2c binaries/getstk.o
                                         0x44 (size before relaxing)
 .eh_frame      0x0000000000115544       0x20 binaries/gettime.o
                                         0x38 (size before relaxing)
 .eh_frame      0x0000000000115564       0x24 binaries/getutime.o
                                         0x3c (size before relaxing)
 .eh_frame      0x0000000000115588       0x28 binaries/init.o
                                         0x40 (size before relaxing)
 .eh_frame      0x00000000001155b0       0x5c binaries/initialize.o
                                         0x74 (size before relaxing)
 .eh_frame      0x000000000011560c       0x28 binaries/insert.o
                                         0x40 (size before relaxing)
 .eh_frame      0x0000000000115634       0x2c binaries/insertd.o
                                         0x44 (size before relaxing)
 .eh_frame      0x0000000000115660       0x2c binaries/iobnd.o
                                         0x44 (size before relaxing)
 .eh_frame      0x000000000011568c       0x20 binaries/ioerr.o
                                         0x38 (size before relaxing)
 .eh_frame      0x00000000001156ac       0x20 binaries/ionull.o
                                         0x38 (size before relaxing)
 .eh_frame      0x00000000001156cc       0x30 binaries/kill.o
                                         0x48 (size before relaxing)
 .eh_frame      0x00000000001156fc       0x80 binaries/kprintf.o
                                         0x98 (size before relaxing)
 .eh_frame      0x000000000011577c       0x20 binaries/looper.o
                                         0x38 (size before relaxing)
 .eh_frame      0x000000000011579c       0x28 binaries/main.o
                                         0x40 (size before relaxing)
 .eh_frame      0x00000000001157c4       0x44 binaries/mark.o
                                         0x5c (size before relaxing)
 .eh_frame      0x0000000000115808       0x50 binaries/meminit.o
                                         0x68 (size before relaxing)
 .eh_frame      0x0000000000115858       0x30 binaries/mkbufpool.o
                                         0x48 (size before relaxing)
 .eh_frame      0x0000000000115888       0x20 binaries/net2hostlasm.o
                                         0x38 (size before relaxing)
 .eh_frame      0x00000000001158a8       0x20 binaries/newqueue.o
                                         0x38 (size before relaxing)
 .eh_frame      0x00000000001158c8       0x28 binaries/open.o
                                         0x40 (size before relaxing)
 .eh_frame      0x00000000001158f0       0x1c binaries/panic.o
                                         0x34 (size before relaxing)
 .eh_frame      0x000000000011590c      0x12c binaries/pci.o
                                        0x144 (size before relaxing)
 .eh_frame      0x0000000000115a38       0x20 binaries/platinit.o
                                         0x38 (size before relaxing)
 .eh_frame      0x0000000000115a58       0x20 binaries/printsegaddr.o
                                         0x38 (size before relaxing)
 .eh_frame      0x0000000000115a78       0x2c binaries/ptclear.o
                                         0x44 (size before relaxing)
 .eh_frame      0x0000000000115aa4       0x2c binaries/ptcount.o
                                         0x44 (size before relaxing)
 .eh_frame      0x0000000000115ad0       0x2c binaries/ptcreate.o
                                         0x44 (size before relaxing)
 .eh_frame      0x0000000000115afc       0x28 binaries/ptdelete.o
                                         0x40 (size before relaxing)
 .eh_frame      0x0000000000115b24       0x28 binaries/ptinit.o
                                         0x40 (size before relaxing)
 .eh_frame      0x0000000000115b4c       0x2c binaries/ptrecv.o
                                         0x44 (size before relaxing)
 .eh_frame      0x0000000000115b78       0x28 binaries/ptreset.o
                                         0x40 (size before relaxing)
 .eh_frame      0x0000000000115ba0       0x30 binaries/ptsend.o
                                         0x48 (size before relaxing)
 .eh_frame      0x0000000000115bd0       0x2c binaries/putc.o
                                         0x44 (size before relaxing)
 .eh_frame      0x0000000000115bfc       0x24 binaries/quark_irq.o
                                         0x3c (size before relaxing)
 .eh_frame      0x0000000000115c20       0x54 binaries/quark_pdat.o
                                         0x6c (size before relaxing)
 .eh_frame      0x0000000000115c74       0x40 binaries/queue.o
                                         0x58 (size before relaxing)
 .eh_frame      0x0000000000115cb4       0x30 binaries/rcreate.o
                                         0x48 (size before relaxing)
 .eh_frame      0x0000000000115ce4       0x28 binaries/read.o
                                         0x40 (size before relaxing)
 .eh_frame      0x0000000000115d0c       0x20 binaries/ready.o
                                         0x38 (size before relaxing)
 .eh_frame      0x0000000000115d2c       0x2c binaries/receive.o
                                         0x44 (size before relaxing)
 .eh_frame      0x0000000000115d58       0x24 binaries/recvclr.o
                                         0x3c (size before relaxing)
 .eh_frame      0x0000000000115d7c       0x2c binaries/recvtime.o
                                         0x44 (size before relaxing)
 .eh_frame      0x0000000000115da8       0x44 binaries/resched.o
                                         0x5c (size before relaxing)
 .eh_frame      0x0000000000115dec       0x2c binaries/resume.o
                                         0x44 (size before relaxing)
 .eh_frame      0x0000000000115e18       0x28 binaries/seek.o
                                         0x40 (size before relaxing)
 .eh_frame      0x0000000000115e40       0x24 binaries/semcount.o
                                         0x3c (size before relaxing)
 .eh_frame      0x0000000000115e64       0x2c binaries/semcreate.o
                                         0x44 (size before relaxing)
 .eh_frame      0x0000000000115e90       0x2c binaries/semdelete.o
                                         0x44 (size before relaxing)
 .eh_frame      0x0000000000115ebc       0x2c binaries/semreset.o
                                         0x44 (size before relaxing)
 .eh_frame      0x0000000000115ee8       0x28 binaries/send.o
                                         0x40 (size before relaxing)
 .eh_frame      0x0000000000115f10       0x28 binaries/signal.o
                                         0x40 (size before relaxing)
 .eh_frame      0x0000000000115f38       0x2c binaries/signaln.o
                                         0x44 (size before relaxing)
 .eh_frame      0x0000000000115f64       0x48 binaries/sleep.o
                                         0x60 (size before relaxing)
 .eh_frame      0x0000000000115fac       0x24 binaries/stacksmashA.o
                                         0x3c (size before relaxing)
 .eh_frame      0x0000000000115fd0       0x20 binaries/stacksmashV.o
                                         0x38 (size before relaxing)
 .eh_frame      0x0000000000115ff0       0x30 binaries/stacktrace.o
                                         0x48 (size before relaxing)
 .eh_frame      0x0000000000116020       0x28 binaries/suspend.o
                                         0x40 (size before relaxing)
 .eh_frame      0x0000000000116048       0x24 binaries/takeover.o
                                         0x3c (size before relaxing)
 .eh_frame      0x000000000011606c       0x28 binaries/unsleep.o
                                         0x40 (size before relaxing)
 .eh_frame      0x0000000000116094       0x20 binaries/userret.o
                                         0x38 (size before relaxing)
 .eh_frame      0x00000000001160b4       0x28 binaries/wait.o
                                         0x40 (size before relaxing)
 .eh_frame      0x00000000001160dc       0x20 binaries/wakeup.o
                                         0x38 (size before relaxing)
 .eh_frame      0x00000000001160fc       0x28 binaries/write.o
                                         0x40 (size before relaxing)
 .eh_frame      0x0000000000116124       0x20 binaries/xdone.o
                                         0x38 (size before relaxing)
 .eh_frame      0x0000000000116144       0x24 binaries/yield.o
                                         0x3c (size before relaxing)
 .eh_frame      0x0000000000116168       0x20 binaries/abs.o
                                         0x38 (size before relaxing)
 .eh_frame      0x0000000000116188       0x28 binaries/atoi.o
                                         0x40 (size before relaxing)
 .eh_frame      0x00000000001161b0       0x28 binaries/atol.o
                                         0x40 (size before relaxing)
 .eh_frame      0x00000000001161d8       0x20 binaries/bzero.o
                                         0x38 (size before relaxing)
 .eh_frame      0x00000000001161f8       0xac binaries/doprnt.o
                                         0xc4 (size before relaxing)
 .eh_frame      0x00000000001162a4       0x30 binaries/doscan.o
                                         0x48 (size before relaxing)
 .eh_frame      0x00000000001162d4       0x5c binaries/fdoprnt.o
                                         0x74 (size before relaxing)
 .eh_frame      0x0000000000116330       0x20 binaries/fgetc.o
                                         0x38 (size before relaxing)
 .eh_frame      0x0000000000116350       0x2c binaries/fgets.o
                                         0x44 (size before relaxing)
 .eh_frame      0x000000000011637c       0x20 binaries/fprintf.o
                                         0x38 (size before relaxing)
 .eh_frame      0x000000000011639c       0x20 binaries/fputc.o
                                         0x38 (size before relaxing)
 .eh_frame      0x00000000001163bc       0x28 binaries/fputs.o
                                         0x40 (size before relaxing)
 .eh_frame      0x00000000001163e4       0x64 binaries/fscanf.o
                                         0x7c (size before relaxing)
 .eh_frame      0x0000000000116448       0x20 binaries/getchar.o
                                         0x38 (size before relaxing)
 .eh_frame      0x0000000000116468       0x20 binaries/labs.o
                                         0x38 (size before relaxing)
 .eh_frame      0x0000000000116488       0x20 binaries/memchr.o
                                         0x38 (size before relaxing)
 .eh_frame      0x00000000001164a8       0x28 binaries/memcmp.o
                                         0x40 (size before relaxing)
 .eh_frame      0x00000000001164d0       0x28 binaries/memcpy.o
                                         0x40 (size before relaxing)
 .eh_frame      0x00000000001164f8       0x24 binaries/memset.o
                                         0x3c (size before relaxing)
 .eh_frame      0x000000000011651c       0x20 binaries/printf.o
                                         0x38 (size before relaxing)
 .eh_frame      0x000000000011653c       0x20 binaries/putchar.o
                                         0x38 (size before relaxing)
 .eh_frame      0x000000000011655c       0xa4 binaries/qsort.o
                                         0xbc (size before relaxing)
 .eh_frame      0x0000000000116600       0x40 binaries/rand.o
                                         0x58 (size before relaxing)
 .eh_frame      0x0000000000116640       0x48 binaries/sprintf.o
                                         0x60 (size before relaxing)
 .eh_frame      0x0000000000116688       0x60 binaries/sscanf.o
                                         0x78 (size before relaxing)
 .eh_frame      0x00000000001166e8       0x24 binaries/strchr.o
                                         0x3c (size before relaxing)
 .eh_frame      0x000000000011670c       0x24 binaries/strcmp.o
                                         0x3c (size before relaxing)
 .eh_frame      0x0000000000116730       0x20 binaries/strcpy.o
                                         0x38 (size before relaxing)
 .eh_frame      0x0000000000116750       0x20 binaries/strlen.o
                                         0x38 (size before relaxing)
 .eh_frame      0x0000000000116770       0x2c binaries/strncat.o
                                         0x44 (size before relaxing)
 .eh_frame      0x000000000011679c       0x24 binaries/strncmp.o
                                         0x3c (size before relaxing)
 .eh_frame      0x00000000001167c0       0x2c binaries/strncpy.o
                                         0x44 (size before relaxing)
 .eh_frame      0x00000000001167ec       0x24 binaries/strnlen.o
                                         0x3c (size before relaxing)
 .eh_frame      0x0000000000116810       0x24 binaries/strrchr.o
                                         0x3c (size before relaxing)
 .eh_frame      0x0000000000116834       0x2c binaries/strstr.o
                                         0x44 (size before relaxing)
 .eh_frame      0x0000000000116860       0x30 binaries/ttycontrol.o
                                         0x48 (size before relaxing)
 .eh_frame      0x0000000000116890       0x2c binaries/ttygetc.o
                                         0x44 (size before relaxing)
 .eh_frame      0x00000000001168bc       0x84 binaries/ttyhandle_in.o
                                         0x9c (size before relaxing)
 .eh_frame      0x0000000000116940       0x30 binaries/ttyhandle_out.o
                                         0x48 (size before relaxing)
 .eh_frame      0x0000000000116970       0x28 binaries/ttyhandler.o
                                         0x40 (size before relaxing)
 .eh_frame      0x0000000000116998       0x30 binaries/ttyinit.o
                                         0x48 (size before relaxing)
 .eh_frame      0x00000000001169c8       0x20 binaries/ttykickout.o
                                         0x38 (size before relaxing)
 .eh_frame      0x00000000001169e8       0x2c binaries/ttyputc.o
                                         0x44 (size before relaxing)
 .eh_frame      0x0000000000116a14       0x2c binaries/ttyread.o
                                         0x44 (size before relaxing)
 .eh_frame      0x0000000000116a40       0x2c binaries/ttywrite.o
                                         0x44 (size before relaxing)
 .eh_frame      0x0000000000116a6c       0x4c binaries/mount.o
                                         0x64 (size before relaxing)
 .eh_frame      0x0000000000116ab8       0x30 binaries/naminit.o
                                         0x48 (size before relaxing)
 .eh_frame      0x0000000000116ae8       0x84 binaries/nammap.o
                                         0x9c (size before relaxing)
 .eh_frame      0x0000000000116b6c       0x20 binaries/namopen.o
                                         0x38 (size before relaxing)
 .eh_frame      0x0000000000116b8c       0x2c binaries/colon2mac.o
                                         0x44 (size before relaxing)
 .eh_frame      0x0000000000116bb8       0x20 binaries/ethcontrol.o
                                         0x38 (size before relaxing)
 .eh_frame      0x0000000000116bd8       0x30 binaries/ethhandler.o
                                         0x48 (size before relaxing)
 .eh_frame      0x0000000000116c08       0x98 binaries/ethinit.o
                                         0xb0 (size before relaxing)
 .eh_frame      0x0000000000116ca0       0x54 binaries/ethmcast.o
                                         0x6c (size before relaxing)
 .eh_frame      0x0000000000116cf4       0x30 binaries/ethread.o
                                         0x48 (size before relaxing)
 .eh_frame      0x0000000000116d24       0x2c binaries/ethwrite.o
                                         0x44 (size before relaxing)
 .eh_frame      0x0000000000116d50       0x24 binaries/rdsbufalloc.o
                                         0x3c (size before relaxing)
 .eh_frame      0x0000000000116d74       0x2c binaries/rdsclose.o
                                         0x44 (size before relaxing)
 .eh_frame      0x0000000000116da0       0x30 binaries/rdscomm.o
                                         0x48 (size before relaxing)
 .eh_frame      0x0000000000116dd0       0x30 binaries/rdscontrol.o
                                         0x48 (size before relaxing)
 .eh_frame      0x0000000000116e00       0x30 binaries/rdsinit.o
                                         0x48 (size before relaxing)
 .eh_frame      0x0000000000116e30       0x30 binaries/rdsopen.o
                                         0x48 (size before relaxing)
 .eh_frame      0x0000000000116e60       0x20 binaries/rdsprocess.o
                                         0x38 (size before relaxing)
 .eh_frame      0x0000000000116e80       0x30 binaries/rdsread.o
                                         0x48 (size before relaxing)
 .eh_frame      0x0000000000116eb0       0x30 binaries/rdswrite.o
                                         0x48 (size before relaxing)
 .eh_frame      0x0000000000116ee0       0x20 binaries/ramclose.o
                                         0x38 (size before relaxing)
 .eh_frame      0x0000000000116f00       0x20 binaries/raminit.o
                                         0x38 (size before relaxing)
 .eh_frame      0x0000000000116f20       0x20 binaries/ramopen.o
                                         0x38 (size before relaxing)
 .eh_frame      0x0000000000116f40       0x20 binaries/ramread.o
                                         0x38 (size before relaxing)
 .eh_frame      0x0000000000116f60       0x20 binaries/ramwrite.o
                                         0x38 (size before relaxing)
 .eh_frame      0x0000000000116f80       0x28 binaries/lfdballoc.o
                                         0x40 (size before relaxing)
 .eh_frame      0x0000000000116fa8       0x24 binaries/lfdbfree.o
                                         0x3c (size before relaxing)
 .eh_frame      0x0000000000116fcc       0x24 binaries/lfflush.o
                                         0x3c (size before relaxing)
 .eh_frame      0x0000000000116ff0       0x20 binaries/lfgetmode.o
                                         0x38 (size before relaxing)
 .eh_frame      0x0000000000117010       0x24 binaries/lfiballoc.o
                                         0x3c (size before relaxing)
 .eh_frame      0x0000000000117034       0x20 binaries/lfibclear.o
                                         0x38 (size before relaxing)
 .eh_frame      0x0000000000117054       0x2c binaries/lfibget.o
                                         0x44 (size before relaxing)
 .eh_frame      0x0000000000117080       0x2c binaries/lfibput.o
                                         0x44 (size before relaxing)
 .eh_frame      0x00000000001170ac       0x28 binaries/lflclose.o
                                         0x40 (size before relaxing)
 .eh_frame      0x00000000001170d4       0x2c binaries/lflcontrol.o
                                         0x44 (size before relaxing)
 .eh_frame      0x0000000000117100       0x2c binaries/lflgetc.o
                                         0x44 (size before relaxing)
 .eh_frame      0x000000000011712c       0x2c binaries/lflinit.o
                                         0x44 (size before relaxing)
 .eh_frame      0x0000000000117158       0x30 binaries/lflputc.o
                                         0x48 (size before relaxing)
 .eh_frame      0x0000000000117188       0x2c binaries/lflread.o
                                         0x44 (size before relaxing)
[...]
 .comment       0x000000000000002a       0x2b binaries/xsh_memstat.o
 .comment       0x000000000000002a       0x2b binaries/xsh_pcount.o
 .comment       0x000000000000002a       0x2b binaries/xsh_ping.o
 .comment       0x000000000000002a       0x2b binaries/xsh_ps.o
 .comment       0x000000000000002a       0x2b binaries/xsh_sleep.o
 .comment       0x000000000000002a       0x2b binaries/xsh_udpdump.o
 .comment       0x000000000000002a       0x2b binaries/xsh_udpecho.o
 .comment       0x000000000000002a       0x2b binaries/xsh_udpeserver.o
 .comment       0x000000000000002a       0x2b binaries/xsh_uptime.o
 .comment       0x000000000000002a       0x2b binaries/net2hostlgcc.o

.note.GNU-stack
                0x0000000000000000        0x0
 .note.GNU-stack
                0x0000000000000000        0x0 binaries/app1.o
 .note.GNU-stack
                0x0000000000000000        0x0 binaries/ascdate.o
 .note.GNU-stack
                0x0000000000000000        0x0 binaries/bufinit.o
 .note.GNU-stack
                0x0000000000000000        0x0 binaries/chprio.o
 .note.GNU-stack
                0x0000000000000000        0x0 binaries/clkhandler.o
 .note.GNU-stack
                0x0000000000000000        0x0 binaries/clkinit.o
 .note.GNU-stack
                0x0000000000000000        0x0 binaries/close.o
 .note.GNU-stack
                0x0000000000000000        0x0 binaries/conf.o
 .note.GNU-stack
                0x0000000000000000        0x0 binaries/control.o
 .note.GNU-stack
                0x0000000000000000        0x0 binaries/cpuUsageTest1.o
 .note.GNU-stack
                0x0000000000000000        0x0 binaries/cpuUsageTest2.o
 .note.GNU-stack
                0x0000000000000000        0x0 binaries/cpuUsageTest3.o
 .note.GNU-stack
                0x0000000000000000        0x0 binaries/cpubnd.o
 .note.GNU-stack
                0x0000000000000000        0x0 binaries/create.o
 .note.GNU-stack
                0x0000000000000000        0x0 binaries/early_imr.o
 .note.GNU-stack
                0x0000000000000000        0x0 binaries/evec.o
 .note.GNU-stack
                0x0000000000000000        0x0 binaries/forever0.o
 .note.GNU-stack
                0x0000000000000000        0x0 binaries/freebuf.o
 .note.GNU-stack
                0x0000000000000000        0x0 binaries/freemem.o
 .note.GNU-stack
                0x0000000000000000        0x0 binaries/func1.o
 .note.GNU-stack
                0x0000000000000000        0x0 binaries/getbuf.o
 .note.GNU-stack
                0x0000000000000000        0x0 binaries/getc.o
 .note.GNU-stack
                0x0000000000000000        0x0 binaries/getdev.o
 .note.GNU-stack
                0x0000000000000000        0x0 binaries/getitem.o
 .note.GNU-stack
                0x0000000000000000        0x0 binaries/getmem.o
 .note.GNU-stack
                0x0000000000000000        0x0 binaries/getpid.o
 .note.GNU-stack
                0x0000000000000000        0x0 binaries/getprio.o
 .note.GNU-stack
                0x0000000000000000        0x0 binaries/getstk.o
 .note.GNU-stack
                0x0000000000000000        0x0 binaries/gettime.o
 .note.GNU-stack
                0x0000000000000000        0x0 binaries/getutime.o
 .note.GNU-stack
                0x0000000000000000        0x0 binaries/init.o
 .note.GNU-stack
                0x0000000000000000        0x0 binaries/initialize.o
 .note.GNU-stack
                0x0000000000000000        0x0 binaries/insert.o
 .note.GNU-stack
                0x0000000000000000        0x0 binaries/insertd.o
 .note.GNU-stack
                0x0000000000000000        0x0 binaries/iobnd.o
 .note.GNU-stack
                0x0000000000000000        0x0 binaries/ioerr.o
 .note.GNU-stack
                0x0000000000000000        0x0 binaries/ionull.o
 .note.GNU-stack
                0x0000000000000000        0x0 binaries/kill.o
 .note.GNU-stack
                0x0000000000000000        0x0 binaries/kprintf.o
 .note.GNU-stack
                0x0000000000000000        0x0 binaries/looper.o
 .note.GNU-stack
                0x0000000000000000        0x0 binaries/main.o
 .note.GNU-stack
                0x0000000000000000        0x0 binaries/mark.o
 .note.GNU-stack
                0x0000000000000000        0x0 binaries/meminit.o
 .note.GNU-stack
                0x0000000000000000        0x0 binaries/mkbufpool.o
 .note.GNU-stack
                0x0000000000000000        0x0 binaries/net2hostlasm.o
 .note.GNU-stack
                0x0000000000000000        0x0 binaries/newqueue.o
 .note.GNU-stack
                0x0000000000000000        0x0 binaries/open.o
 .note.GNU-stack
                0x0000000000000000        0x0 binaries/panic.o
 .note.GNU-stack
                0x0000000000000000        0x0 binaries/pci.o
 .note.GNU-stack
                0x0000000000000000        0x0 binaries/platinit.o
 .note.GNU-stack
                0x0000000000000000        0x0 binaries/printsegaddr.o
 .note.GNU-stack
                0x0000000000000000        0x0 binaries/ptclear.o
 .note.GNU-stack
                0x0000000000000000        0x0 binaries/ptcount.o
 .note.GNU-stack
                0x0000000000000000        0x0 binaries/ptcreate.o
 .note.GNU-stack
                0x0000000000000000        0x0 binaries/ptdelete.o
 .note.GNU-stack
                0x0000000000000000        0x0 binaries/ptinit.o
 .note.GNU-stack
                0x0000000000000000        0x0 binaries/ptrecv.o
 .note.GNU-stack
                0x0000000000000000        0x0 binaries/ptreset.o
 .note.GNU-stack
                0x0000000000000000        0x0 binaries/ptsend.o
 .note.GNU-stack
                0x0000000000000000        0x0 binaries/putc.o
 .note.GNU-stack
                0x0000000000000000        0x0 binaries/quark_irq.o
 .note.GNU-stack
                0x0000000000000000        0x0 binaries/quark_pdat.o
 .note.GNU-stack
                0x0000000000000000        0x0 binaries/queue.o
 .note.GNU-stack
                0x0000000000000000        0x0 binaries/rcreate.o
 .note.GNU-stack
                0x0000000000000000        0x0 binaries/read.o
 .note.GNU-stack
                0x0000000000000000        0x0 binaries/ready.o
 .note.GNU-stack
                0x0000000000000000        0x0 binaries/receive.o
 .note.GNU-stack
                0x0000000000000000        0x0 binaries/recvclr.o
 .note.GNU-stack
                0x0000000000000000        0x0 binaries/recvtime.o
 .note.GNU-stack
                0x0000000000000000        0x0 binaries/resched.o
 .note.GNU-stack
                0x0000000000000000        0x0 binaries/resume.o
 .note.GNU-stack
                0x0000000000000000        0x0 binaries/seek.o
 .note.GNU-stack
                0x0000000000000000        0x0 binaries/semcount.o
 .note.GNU-stack
                0x0000000000000000        0x0 binaries/semcreate.o
 .note.GNU-stack
                0x0000000000000000        0x0 binaries/semdelete.o
 .note.GNU-stack
                0x0000000000000000        0x0 binaries/semreset.o
 .note.GNU-stack
                0x0000000000000000        0x0 binaries/send.o
 .note.GNU-stack
                0x0000000000000000        0x0 binaries/signal.o
 .note.GNU-stack
                0x0000000000000000        0x0 binaries/signaln.o
 .note.GNU-stack
                0x0000000000000000        0x0 binaries/sleep.o
 .note.GNU-stack
                0x0000000000000000        0x0 binaries/stacksmashA.o
 .note.GNU-stack
                0x0000000000000000        0x0 binaries/stacksmashV.o
 .note.GNU-stack
                0x0000000000000000        0x0 binaries/stacktrace.o
 .note.GNU-stack
                0x0000000000000000        0x0 binaries/suspend.o
 .note.GNU-stack
                0x0000000000000000        0x0 binaries/takeover.o
 .note.GNU-stack
                0x0000000000000000        0x0 binaries/unsleep.o
 .note.GNU-stack
                0x0000000000000000        0x0 binaries/userret.o
 .note.GNU-stack
                0x0000000000000000        0x0 binaries/wait.o
 .note.GNU-stack
                0x0000000000000000        0x0 binaries/wakeup.o
 .note.GNU-stack
                0x0000000000000000        0x0 binaries/write.o
 .note.GNU-stack
                0x0000000000000000        0x0 binaries/xdone.o
 .note.GNU-stack
                0x0000000000000000        0x0 binaries/yield.o
 .note.GNU-stack
                0x0000000000000000        0x0 binaries/abs.o
 .note.GNU-stack
                0x0000000000000000        0x0 binaries/atoi.o
 .note.GNU-stack
                0x0000000000000000        0x0 binaries/atol.o
 .note.GNU-stack
                0x0000000000000000        0x0 binaries/bzero.o
 .note.GNU-stack
                0x0000000000000000        0x0 binaries/ctype_.o
 .note.GNU-stack
                0x0000000000000000        0x0 binaries/doprnt.o
 .note.GNU-stack
                0x0000000000000000        0x0 binaries/doscan.o
 .note.GNU-stack
                0x0000000000000000        0x0 binaries/fdoprnt.o
 .note.GNU-stack
                0x0000000000000000        0x0 binaries/fgetc.o
 .note.GNU-stack
                0x0000000000000000        0x0 binaries/fgets.o
 .note.GNU-stack
                0x0000000000000000        0x0 binaries/fprintf.o
 .note.GNU-stack
                0x0000000000000000        0x0 binaries/fputc.o
 .note.GNU-stack
                0x0000000000000000        0x0 binaries/fputs.o
 .note.GNU-stack
                0x0000000000000000        0x0 binaries/fscanf.o
 .note.GNU-stack
                0x0000000000000000        0x0 binaries/getchar.o
 .note.GNU-stack
                0x0000000000000000        0x0 binaries/labs.o
 .note.GNU-stack
                0x0000000000000000        0x0 binaries/memchr.o
 .note.GNU-stack
                0x0000000000000000        0x0 binaries/memcmp.o
 .note.GNU-stack
                0x0000000000000000        0x0 binaries/memcpy.o
 .note.GNU-stack
                0x0000000000000000        0x0 binaries/memset.o
 .note.GNU-stack
                0x0000000000000000        0x0 binaries/printf.o
 .note.GNU-stack
                0x0000000000000000        0x0 binaries/putchar.o
 .note.GNU-stack
                0x0000000000000000        0x0 binaries/qsort.o
 .note.GNU-stack
                0x0000000000000000        0x0 binaries/rand.o
 .note.GNU-stack
                0x0000000000000000        0x0 binaries/sprintf.o
 .note.GNU-stack
                0x0000000000000000        0x0 binaries/sscanf.o
 .note.GNU-stack
                0x0000000000000000        0x0 binaries/strchr.o
 .note.GNU-stack
                0x0000000000000000        0x0 binaries/strcmp.o
 .note.GNU-stack
                0x0000000000000000        0x0 binaries/strcpy.o
 .note.GNU-stack
                0x0000000000000000        0x0 binaries/strlen.o
 .note.GNU-stack
                0x0000000000000000        0x0 binaries/strncat.o
 .note.GNU-stack
                0x0000000000000000        0x0 binaries/strncmp.o
 .note.GNU-stack
                0x0000000000000000        0x0 binaries/strncpy.o
 .note.GNU-stack
                0x0000000000000000        0x0 binaries/strnlen.o
 .note.GNU-stack
                0x0000000000000000        0x0 binaries/strrchr.o
 .note.GNU-stack
                0x0000000000000000        0x0 binaries/strstr.o
 .note.GNU-stack
                0x0000000000000000        0x0 binaries/ttycontrol.o
 .note.GNU-stack
                0x0000000000000000        0x0 binaries/ttygetc.o
 .note.GNU-stack
                0x0000000000000000        0x0 binaries/ttyhandle_in.o
 .note.GNU-stack
                0x0000000000000000        0x0 binaries/ttyhandle_out.o
 .note.GNU-stack
                0x0000000000000000        0x0 binaries/ttyhandler.o
 .note.GNU-stack
                0x0000000000000000        0x0 binaries/ttyinit.o
 .note.GNU-stack
                0x0000000000000000        0x0 binaries/ttykickout.o
 .note.GNU-stack
                0x0000000000000000        0x0 binaries/ttyputc.o
 .note.GNU-stack
                0x0000000000000000        0x0 binaries/ttyread.o
 .note.GNU-stack
                0x0000000000000000        0x0 binaries/ttywrite.o
 .note.GNU-stack
                0x0000000000000000        0x0 binaries/mount.o
 .note.GNU-stack
                0x0000000000000000        0x0 binaries/naminit.o
 .note.GNU-stack
                0x0000000000000000        0x0 binaries/nammap.o
 .note.GNU-stack
                0x0000000000000000        0x0 binaries/namopen.o
 .note.GNU-stack
                0x0000000000000000        0x0 binaries/colon2mac.o
 .note.GNU-stack
                0x0000000000000000        0x0 binaries/ethcontrol.o
 .note.GNU-stack
                0x0000000000000000        0x0 binaries/ethhandler.o
 .note.GNU-stack
                0x0000000000000000        0x0 binaries/ethinit.o
 .note.GNU-stack
                0x0000000000000000        0x0 binaries/ethmcast.o
 .note.GNU-stack
                0x0000000000000000        0x0 binaries/ethread.o
 .note.GNU-stack
                0x0000000000000000        0x0 binaries/ethwrite.o
 .note.GNU-stack
                0x0000000000000000        0x0 binaries/rdsbufalloc.o
 .note.GNU-stack
                0x0000000000000000        0x0 binaries/rdsclose.o
 .note.GNU-stack
                0x0000000000000000        0x0 binaries/rdscomm.o
 .note.GNU-stack
                0x0000000000000000        0x0 binaries/rdscontrol.o
 .note.GNU-stack
                0x0000000000000000        0x0 binaries/rdsinit.o
 .note.GNU-stack
                0x0000000000000000        0x0 binaries/rdsopen.o
 .note.GNU-stack
                0x0000000000000000        0x0 binaries/rdsprocess.o
 .note.GNU-stack
                0x0000000000000000        0x0 binaries/rdsread.o
 .note.GNU-stack
                0x0000000000000000        0x0 binaries/rdswrite.o
 .note.GNU-stack
                0x0000000000000000        0x0 binaries/ramclose.o
 .note.GNU-stack
                0x0000000000000000        0x0 binaries/raminit.o
 .note.GNU-stack
                0x0000000000000000        0x0 binaries/ramopen.o
 .note.GNU-stack
                0x0000000000000000        0x0 binaries/ramread.o
 .note.GNU-stack
                0x0000000000000000        0x0 binaries/ramwrite.o
 .note.GNU-stack
                0x0000000000000000        0x0 binaries/lfdballoc.o
 .note.GNU-stack
                0x0000000000000000        0x0 binaries/lfdbfree.o
 .note.GNU-stack
                0x0000000000000000        0x0 binaries/lfflush.o
 .note.GNU-stack
                0x0000000000000000        0x0 binaries/lfgetmode.o
 .note.GNU-stack
                0x0000000000000000        0x0 binaries/lfiballoc.o
 .note.GNU-stack
                0x0000000000000000        0x0 binaries/lfibclear.o
 .note.GNU-stack
                0x0000000000000000        0x0 binaries/lfibget.o
 .note.GNU-stack
                0x0000000000000000        0x0 binaries/lfibput.o
 .note.GNU-stack
                0x0000000000000000        0x0 binaries/lflclose.o
 .note.GNU-stack
                0x0000000000000000        0x0 binaries/lflcontrol.o
 .note.GNU-stack
                0x0000000000000000        0x0 binaries/lflgetc.o
 .note.GNU-stack
                0x0000000000000000        0x0 binaries/lflinit.o
 .note.GNU-stack
                0x0000000000000000        0x0 binaries/lflputc.o
 .note.GNU-stack
                0x0000000000000000        0x0 binaries/lflread.o
 .note.GNU-stack
                0x0000000000000000        0x0 binaries/lflseek.o
 .note.GNU-stack
                0x0000000000000000        0x0 binaries/lflwrite.o
 .note.GNU-stack
                0x0000000000000000        0x0 binaries/lfsckfmt.o
 .note.GNU-stack
                0x0000000000000000        0x0 binaries/lfscreate.o
 .note.GNU-stack
                0x0000000000000000        0x0 binaries/lfsetup.o
 .note.GNU-stack
                0x0000000000000000        0x0 binaries/lfsinit.o
 .note.GNU-stack
                0x0000000000000000        0x0 binaries/lfsopen.o
 .note.GNU-stack
                0x0000000000000000        0x0 binaries/lftruncate.o
 .note.GNU-stack
                0x0000000000000000        0x0 binaries/rflclose.o
 .note.GNU-stack
                0x0000000000000000        0x0 binaries/rflgetc.o
 .note.GNU-stack
                0x0000000000000000        0x0 binaries/rflinit.o
 .note.GNU-stack
                0x0000000000000000        0x0 binaries/rflputc.o
 .note.GNU-stack
                0x0000000000000000        0x0 binaries/rflread.o
 .note.GNU-stack
                0x0000000000000000        0x0 binaries/rflseek.o
 .note.GNU-stack
                0x0000000000000000        0x0 binaries/rflwrite.o
 .note.GNU-stack
                0x0000000000000000        0x0 binaries/rfscomm.o
 .note.GNU-stack
                0x0000000000000000        0x0 binaries/rfscontrol.o
 .note.GNU-stack
                0x0000000000000000        0x0 binaries/rfsgetmode.o
 .note.GNU-stack
                0x0000000000000000        0x0 binaries/rfsinit.o
 .note.GNU-stack
                0x0000000000000000        0x0 binaries/rfsndmsg.o
 .note.GNU-stack
                0x0000000000000000        0x0 binaries/rfsopen.o
 .note.GNU-stack
                0x0000000000000000        0x0 binaries/arp.o
 .note.GNU-stack
                0x0000000000000000        0x0 binaries/dhcp.o
 .note.GNU-stack
                0x0000000000000000        0x0 binaries/dot2ip.o
 .note.GNU-stack
                0x0000000000000000        0x0 binaries/hexdump.o
 .note.GNU-stack
                0x0000000000000000        0x0 binaries/icmp.o
 .note.GNU-stack
                0x0000000000000000        0x0 binaries/ip.o
 .note.GNU-stack
                0x0000000000000000        0x0 binaries/net.o
 .note.GNU-stack
                0x0000000000000000        0x0 binaries/netstart.o
 .note.GNU-stack
                0x0000000000000000        0x0 binaries/pdump.o
 .note.GNU-stack
                0x0000000000000000        0x0 binaries/tftp.o
 .note.GNU-stack
                0x0000000000000000        0x0 binaries/udp.o
 .note.GNU-stack
                0x0000000000000000        0x0 binaries/addargs.o
 .note.GNU-stack
                0x0000000000000000        0x0 binaries/lexan.o
 .note.GNU-stack
                0x0000000000000000        0x0 binaries/shell.o
 .note.GNU-stack
                0x0000000000000000        0x0 binaries/xsh_argecho.o
 .note.GNU-stack
                0x0000000000000000        0x0 binaries/xsh_arp.o
 .note.GNU-stack
                0x0000000000000000        0x0 binaries/xsh_cat.o
 .note.GNU-stack
                0x0000000000000000        0x0 binaries/xsh_clear.o
 .note.GNU-stack
                0x0000000000000000        0x0 binaries/xsh_date.o
 .note.GNU-stack
                0x0000000000000000        0x0 binaries/xsh_devdump.o
 .note.GNU-stack
                0x0000000000000000        0x0 binaries/xsh_echo.o
 .note.GNU-stack
                0x0000000000000000        0x0 binaries/xsh_exit.o
 .note.GNU-stack
                0x0000000000000000        0x0 binaries/xsh_help.o
 .note.GNU-stack
                0x0000000000000000        0x0 binaries/xsh_ipaddr.o
 .note.GNU-stack
                0x0000000000000000        0x0 binaries/xsh_kill.o
 .note.GNU-stack
                0x0000000000000000        0x0 binaries/xsh_memdump.o
 .note.GNU-stack
                0x0000000000000000        0x0 binaries/xsh_memstat.o
 .note.GNU-stack
                0x0000000000000000        0x0 binaries/xsh_pcount.o
 .note.GNU-stack
                0x0000000000000000        0x0 binaries/xsh_ping.o
 .note.GNU-stack
                0x0000000000000000        0x0 binaries/xsh_ps.o
 .note.GNU-stack
                0x0000000000000000        0x0 binaries/xsh_sleep.o
 .note.GNU-stack
                0x0000000000000000        0x0 binaries/xsh_udpdump.o
 .note.GNU-stack
                0x0000000000000000        0x0 binaries/xsh_udpecho.o
 .note.GNU-stack
                0x0000000000000000        0x0 binaries/xsh_udpeserver.o
 .note.GNU-stack
                0x0000000000000000        0x0 binaries/xsh_uptime.o
 .note.GNU-stack
                0x0000000000000000        0x0 binaries/net2hostlgcc.o
